Archive member included to satisfy reference by file (symbol)

/opt/Atollic_TrueSTUDIO_for_STM32_x86_64_9.0.1/ARMTools/bin/../lib/gcc/arm-atollic-eabi/6.3.1/../../../../arm-atollic-eabi/lib/armv7e-m/fpu/fpv5-sp-d16/libc_nano.a(lib_a-init.o)
                              startup/startup_stm32f746xx.o (__libc_init_array)
/opt/Atollic_TrueSTUDIO_for_STM32_x86_64_9.0.1/ARMTools/bin/../lib/gcc/arm-atollic-eabi/6.3.1/../../../../arm-atollic-eabi/lib/armv7e-m/fpu/fpv5-sp-d16/libc_nano.a(lib_a-malloc.o)
                              Middlewares/ST/STM32_USB_Host_Library/Class/CDC/Src/usbh_cdc.o (malloc)
/opt/Atollic_TrueSTUDIO_for_STM32_x86_64_9.0.1/ARMTools/bin/../lib/gcc/arm-atollic-eabi/6.3.1/../../../../arm-atollic-eabi/lib/armv7e-m/fpu/fpv5-sp-d16/libc_nano.a(lib_a-memcmp.o)
                              Middlewares/Third_Party/LwIP/src/netif/ethernet.o (memcmp)
/opt/Atollic_TrueSTUDIO_for_STM32_x86_64_9.0.1/ARMTools/bin/../lib/gcc/arm-atollic-eabi/6.3.1/../../../../arm-atollic-eabi/lib/armv7e-m/fpu/fpv5-sp-d16/libc_nano.a(lib_a-memcpy-stub.o)
                              Middlewares/Third_Party/FreeRTOS/Source/queue.o (memcpy)
/opt/Atollic_TrueSTUDIO_for_STM32_x86_64_9.0.1/ARMTools/bin/../lib/gcc/arm-atollic-eabi/6.3.1/../../../../arm-atollic-eabi/lib/armv7e-m/fpu/fpv5-sp-d16/libc_nano.a(lib_a-memset.o)
                              Middlewares/Third_Party/FreeRTOS/Source/tasks.o (memset)
/opt/Atollic_TrueSTUDIO_for_STM32_x86_64_9.0.1/ARMTools/bin/../lib/gcc/arm-atollic-eabi/6.3.1/../../../../arm-atollic-eabi/lib/armv7e-m/fpu/fpv5-sp-d16/libc_nano.a(lib_a-nano-freer.o)
                              /opt/Atollic_TrueSTUDIO_for_STM32_x86_64_9.0.1/ARMTools/bin/../lib/gcc/arm-atollic-eabi/6.3.1/../../../../arm-atollic-eabi/lib/armv7e-m/fpu/fpv5-sp-d16/libc_nano.a(lib_a-malloc.o) (_free_r)
/opt/Atollic_TrueSTUDIO_for_STM32_x86_64_9.0.1/ARMTools/bin/../lib/gcc/arm-atollic-eabi/6.3.1/../../../../arm-atollic-eabi/lib/armv7e-m/fpu/fpv5-sp-d16/libc_nano.a(lib_a-nano-mallocr.o)
                              /opt/Atollic_TrueSTUDIO_for_STM32_x86_64_9.0.1/ARMTools/bin/../lib/gcc/arm-atollic-eabi/6.3.1/../../../../arm-atollic-eabi/lib/armv7e-m/fpu/fpv5-sp-d16/libc_nano.a(lib_a-malloc.o) (_malloc_r)
/opt/Atollic_TrueSTUDIO_for_STM32_x86_64_9.0.1/ARMTools/bin/../lib/gcc/arm-atollic-eabi/6.3.1/../../../../arm-atollic-eabi/lib/armv7e-m/fpu/fpv5-sp-d16/libc_nano.a(lib_a-printf.o)
                              Middlewares/Third_Party/LwIP/src/api/api_lib.o (printf)
/opt/Atollic_TrueSTUDIO_for_STM32_x86_64_9.0.1/ARMTools/bin/../lib/gcc/arm-atollic-eabi/6.3.1/../../../../arm-atollic-eabi/lib/armv7e-m/fpu/fpv5-sp-d16/libc_nano.a(lib_a-rand.o)
                              Middlewares/Third_Party/LwIP/src/core/ipv4/dhcp.o (rand)
/opt/Atollic_TrueSTUDIO_for_STM32_x86_64_9.0.1/ARMTools/bin/../lib/gcc/arm-atollic-eabi/6.3.1/../../../../arm-atollic-eabi/lib/armv7e-m/fpu/fpv5-sp-d16/libc_nano.a(lib_a-sbrkr.o)
                              /opt/Atollic_TrueSTUDIO_for_STM32_x86_64_9.0.1/ARMTools/bin/../lib/gcc/arm-atollic-eabi/6.3.1/../../../../arm-atollic-eabi/lib/armv7e-m/fpu/fpv5-sp-d16/libc_nano.a(lib_a-nano-mallocr.o) (_sbrk_r)
/opt/Atollic_TrueSTUDIO_for_STM32_x86_64_9.0.1/ARMTools/bin/../lib/gcc/arm-atollic-eabi/6.3.1/../../../../arm-atollic-eabi/lib/armv7e-m/fpu/fpv5-sp-d16/libc_nano.a(lib_a-strlen.o)
                              Middlewares/Third_Party/LwIP/src/apps/mqtt/mqtt.o (strlen)
/opt/Atollic_TrueSTUDIO_for_STM32_x86_64_9.0.1/ARMTools/bin/../lib/gcc/arm-atollic-eabi/6.3.1/../../../../arm-atollic-eabi/lib/armv7e-m/fpu/fpv5-sp-d16/libc_nano.a(lib_a-strncmp.o)
                              Middlewares/Third_Party/LwIP/src/core/def.o (strncmp)
/opt/Atollic_TrueSTUDIO_for_STM32_x86_64_9.0.1/ARMTools/bin/../lib/gcc/arm-atollic-eabi/6.3.1/../../../../arm-atollic-eabi/lib/armv7e-m/fpu/fpv5-sp-d16/libc_nano.a(lib_a-findfp.o)
                              /opt/Atollic_TrueSTUDIO_for_STM32_x86_64_9.0.1/ARMTools/bin/../lib/gcc/arm-atollic-eabi/6.3.1/../../../../arm-atollic-eabi/lib/armv7e-m/fpu/fpv5-sp-d16/libc_nano.a(lib_a-printf.o) (__sinit)
/opt/Atollic_TrueSTUDIO_for_STM32_x86_64_9.0.1/ARMTools/bin/../lib/gcc/arm-atollic-eabi/6.3.1/../../../../arm-atollic-eabi/lib/armv7e-m/fpu/fpv5-sp-d16/libc_nano.a(lib_a-fwalk.o)
                              /opt/Atollic_TrueSTUDIO_for_STM32_x86_64_9.0.1/ARMTools/bin/../lib/gcc/arm-atollic-eabi/6.3.1/../../../../arm-atollic-eabi/lib/armv7e-m/fpu/fpv5-sp-d16/libc_nano.a(lib_a-findfp.o) (_fwalk)
/opt/Atollic_TrueSTUDIO_for_STM32_x86_64_9.0.1/ARMTools/bin/../lib/gcc/arm-atollic-eabi/6.3.1/../../../../arm-atollic-eabi/lib/armv7e-m/fpu/fpv5-sp-d16/libc_nano.a(lib_a-impure.o)
                              /opt/Atollic_TrueSTUDIO_for_STM32_x86_64_9.0.1/ARMTools/bin/../lib/gcc/arm-atollic-eabi/6.3.1/../../../../arm-atollic-eabi/lib/armv7e-m/fpu/fpv5-sp-d16/libc_nano.a(lib_a-findfp.o) (_global_impure_ptr)
[...]
Memory Configuration

Name             Origin             Length             Attributes
RAM              0x0000000020000000 0x0000000000050000 xrw
FLASH            0x0000000008000000 0x0000000000100000 xr
*default*        0x0000000000000000 0xffffffffffffffff

Linker script and memory map

LOAD /opt/Atollic_TrueSTUDIO_for_STM32_x86_64_9.0.1/ARMTools/bin/../lib/gcc/arm-atollic-eabi/6.3.1/armv7e-m/fpu/fpv5-sp-d16/crti.o
LOAD /opt/Atollic_TrueSTUDIO_for_STM32_x86_64_9.0.1/ARMTools/bin/../lib/gcc/arm-atollic-eabi/6.3.1/armv7e-m/fpu/fpv5-sp-d16/crtbegin.o
LOAD Drivers/STM32F7xx_HAL_Driver/Src/stm32f7xx_hal.o
LOAD Drivers/STM32F7xx_HAL_Driver/Src/stm32f7xx_hal_adc.o
LOAD Drivers/STM32F7xx_HAL_Driver/Src/stm32f7xx_hal_adc_ex.o
LOAD Drivers/STM32F7xx_HAL_Driver/Src/stm32f7xx_hal_cortex.o
LOAD Drivers/STM32F7xx_HAL_Driver/Src/stm32f7xx_hal_crc.o
LOAD Drivers/STM32F7xx_HAL_Driver/Src/stm32f7xx_hal_crc_ex.o
LOAD Drivers/STM32F7xx_HAL_Driver/Src/stm32f7xx_hal_dcmi.o
LOAD Drivers/STM32F7xx_HAL_Driver/Src/stm32f7xx_hal_dcmi_ex.o
LOAD Drivers/STM32F7xx_HAL_Driver/Src/stm32f7xx_hal_dma.o
LOAD Drivers/STM32F7xx_HAL_Driver/Src/stm32f7xx_hal_dma2d.o
LOAD Drivers/STM32F7xx_HAL_Driver/Src/stm32f7xx_hal_dma_ex.o
LOAD Drivers/STM32F7xx_HAL_Driver/Src/stm32f7xx_hal_dsi.o
LOAD Drivers/STM32F7xx_HAL_Driver/Src/stm32f7xx_hal_eth.o
LOAD Drivers/STM32F7xx_HAL_Driver/Src/stm32f7xx_hal_flash.o
LOAD Drivers/STM32F7xx_HAL_Driver/Src/stm32f7xx_hal_flash_ex.o
LOAD Drivers/STM32F7xx_HAL_Driver/Src/stm32f7xx_hal_gpio.o
LOAD Drivers/STM32F7xx_HAL_Driver/Src/stm32f7xx_hal_hcd.o
LOAD Drivers/STM32F7xx_HAL_Driver/Src/stm32f7xx_hal_i2c.o
LOAD Drivers/STM32F7xx_HAL_Driver/Src/stm32f7xx_hal_i2c_ex.o
LOAD Drivers/STM32F7xx_HAL_Driver/Src/stm32f7xx_hal_ltdc.o
LOAD Drivers/STM32F7xx_HAL_Driver/Src/stm32f7xx_hal_ltdc_ex.o
LOAD Drivers/STM32F7xx_HAL_Driver/Src/stm32f7xx_hal_pwr.o
LOAD Drivers/STM32F7xx_HAL_Driver/Src/stm32f7xx_hal_pwr_ex.o
LOAD Drivers/STM32F7xx_HAL_Driver/Src/stm32f7xx_hal_qspi.o
LOAD Drivers/STM32F7xx_HAL_Driver/Src/stm32f7xx_hal_rcc.o
LOAD Drivers/STM32F7xx_HAL_Driver/Src/stm32f7xx_hal_rcc_ex.o
LOAD Drivers/STM32F7xx_HAL_Driver/Src/stm32f7xx_hal_rtc.o
LOAD Drivers/STM32F7xx_HAL_Driver/Src/stm32f7xx_hal_rtc_ex.o
LOAD Drivers/STM32F7xx_HAL_Driver/Src/stm32f7xx_hal_sai.o
LOAD Drivers/STM32F7xx_HAL_Driver/Src/stm32f7xx_hal_sai_ex.o
LOAD Drivers/STM32F7xx_HAL_Driver/Src/stm32f7xx_hal_sd.o
LOAD Drivers/STM32F7xx_HAL_Driver/Src/stm32f7xx_hal_sdram.o
LOAD Drivers/STM32F7xx_HAL_Driver/Src/stm32f7xx_hal_spdifrx.o
LOAD Drivers/STM32F7xx_HAL_Driver/Src/stm32f7xx_hal_spi.o
LOAD Drivers/STM32F7xx_HAL_Driver/Src/stm32f7xx_hal_tim.o
LOAD Drivers/STM32F7xx_HAL_Driver/Src/stm32f7xx_hal_tim_ex.o
LOAD Drivers/STM32F7xx_HAL_Driver/Src/stm32f7xx_hal_uart.o
LOAD Drivers/STM32F7xx_HAL_Driver/Src/stm32f7xx_ll_fmc.o
LOAD Drivers/STM32F7xx_HAL_Driver/Src/stm32f7xx_ll_sdmmc.o
LOAD Drivers/STM32F7xx_HAL_Driver/Src/stm32f7xx_ll_usb.o
LOAD Middlewares/ST/STM32_USB_Host_Library/Class/CDC/Src/usbh_cdc.o
LOAD Middlewares/ST/STM32_USB_Host_Library/Core/Src/usbh_core.o
LOAD Middlewares/ST/STM32_USB_Host_Library/Core/Src/usbh_ctlreq.o
LOAD Middlewares/ST/STM32_USB_Host_Library/Core/Src/usbh_ioreq.o
LOAD Middlewares/ST/STM32_USB_Host_Library/Core/Src/usbh_pipes.o
LOAD Middlewares/Third_Party/FatFs/src/diskio.o
LOAD Middlewares/Third_Party/FatFs/src/ff.o
LOAD Middlewares/Third_Party/FatFs/src/ff_gen_drv.o
LOAD Middlewares/Third_Party/FatFs/src/option/syscall.o
LOAD Middlewares/Third_Party/FreeRTOS/Source/CMSIS_RTOS/cmsis_os.o
LOAD Middlewares/Third_Party/FreeRTOS/Source/croutine.o
LOAD Middlewares/Third_Party/FreeRTOS/Source/event_groups.o
LOAD Middlewares/Third_Party/FreeRTOS/Source/list.o
LOAD Middlewares/Third_Party/FreeRTOS/Source/portable/GCC/ARM_CM7/r0p1/port.o
LOAD Middlewares/Third_Party/FreeRTOS/Source/portable/MemMang/heap_4.o
LOAD Middlewares/Third_Party/FreeRTOS/Source/queue.o
LOAD Middlewares/Third_Party/FreeRTOS/Source/tasks.o
LOAD Middlewares/Third_Party/FreeRTOS/Source/timers.o
LOAD Middlewares/Third_Party/LwIP/src/api/api_lib.o
LOAD Middlewares/Third_Party/LwIP/src/api/api_msg.o
LOAD Middlewares/Third_Party/LwIP/src/api/err.o
LOAD Middlewares/Third_Party/LwIP/src/api/netbuf.o
LOAD Middlewares/Third_Party/LwIP/src/api/netdb.o
LOAD Middlewares/Third_Party/LwIP/src/api/netifapi.o
LOAD Middlewares/Third_Party/LwIP/src/api/sockets.o
LOAD Middlewares/Third_Party/LwIP/src/api/tcpip.o
LOAD Middlewares/Third_Party/LwIP/src/apps/mqtt/mqtt.o
LOAD Middlewares/Third_Party/LwIP/src/core/def.o
LOAD Middlewares/Third_Party/LwIP/src/core/dns.o
LOAD Middlewares/Third_Party/LwIP/src/core/inet_chksum.o
LOAD Middlewares/Third_Party/LwIP/src/core/init.o
LOAD Middlewares/Third_Party/LwIP/src/core/ip.o
LOAD Middlewares/Third_Party/LwIP/src/core/ipv4/autoip.o
LOAD Middlewares/Third_Party/LwIP/src/core/ipv4/dhcp.o
LOAD Middlewares/Third_Party/LwIP/src/core/ipv4/etharp.o
LOAD Middlewares/Third_Party/LwIP/src/core/ipv4/icmp.o
LOAD Middlewares/Third_Party/LwIP/src/core/ipv4/igmp.o
LOAD Middlewares/Third_Party/LwIP/src/core/ipv4/ip4.o
LOAD Middlewares/Third_Party/LwIP/src/core/ipv4/ip4_addr.o
LOAD Middlewares/Third_Party/LwIP/src/core/ipv4/ip4_frag.o
LOAD Middlewares/Third_Party/LwIP/src/core/ipv6/dhcp6.o
LOAD Middlewares/Third_Party/LwIP/src/core/ipv6/ethip6.o
LOAD Middlewares/Third_Party/LwIP/src/core/ipv6/icmp6.o
LOAD Middlewares/Third_Party/LwIP/src/core/ipv6/inet6.o
LOAD Middlewares/Third_Party/LwIP/src/core/ipv6/ip6.o
LOAD Middlewares/Third_Party/LwIP/src/core/ipv6/ip6_addr.o
LOAD Middlewares/Third_Party/LwIP/src/core/ipv6/ip6_frag.o
LOAD Middlewares/Third_Party/LwIP/src/core/ipv6/mld6.o
LOAD Middlewares/Third_Party/LwIP/src/core/ipv6/nd6.o
LOAD Middlewares/Third_Party/LwIP/src/core/mem.o
LOAD Middlewares/Third_Party/LwIP/src/core/memp.o
LOAD Middlewares/Third_Party/LwIP/src/core/netif.o
LOAD Middlewares/Third_Party/LwIP/src/core/pbuf.o
LOAD Middlewares/Third_Party/LwIP/src/core/raw.o
LOAD Middlewares/Third_Party/LwIP/src/core/stats.o
LOAD Middlewares/Third_Party/LwIP/src/core/sys.o
LOAD Middlewares/Third_Party/LwIP/src/core/tcp.o
LOAD Middlewares/Third_Party/LwIP/src/core/tcp_in.o
LOAD Middlewares/Third_Party/LwIP/src/core/tcp_out.o
LOAD Middlewares/Third_Party/LwIP/src/core/timeouts.o
LOAD Middlewares/Third_Party/LwIP/src/core/udp.o
LOAD Middlewares/Third_Party/LwIP/src/netif/ethernet.o
LOAD Middlewares/Third_Party/LwIP/src/netif/lowpan6.o
LOAD Middlewares/Third_Party/LwIP/src/netif/ppp/auth.o
LOAD Middlewares/Third_Party/LwIP/src/netif/ppp/ccp.o
LOAD Middlewares/Third_Party/LwIP/src/netif/ppp/chap-md5.o
LOAD Middlewares/Third_Party/LwIP/src/netif/ppp/chap-new.o
LOAD Middlewares/Third_Party/LwIP/src/netif/ppp/chap_ms.o
LOAD Middlewares/Third_Party/LwIP/src/netif/ppp/demand.o
LOAD Middlewares/Third_Party/LwIP/src/netif/ppp/eap.o
LOAD Middlewares/Third_Party/LwIP/src/netif/ppp/ecp.o
LOAD Middlewares/Third_Party/LwIP/src/netif/ppp/eui64.o
LOAD Middlewares/Third_Party/LwIP/src/netif/ppp/fsm.o
LOAD Middlewares/Third_Party/LwIP/src/netif/ppp/ipcp.o
LOAD Middlewares/Third_Party/LwIP/src/netif/ppp/ipv6cp.o
LOAD Middlewares/Third_Party/LwIP/src/netif/ppp/lcp.o
LOAD Middlewares/Third_Party/LwIP/src/netif/ppp/magic.o
LOAD Middlewares/Third_Party/LwIP/src/netif/ppp/mppe.o
LOAD Middlewares/Third_Party/LwIP/src/netif/ppp/multilink.o
LOAD Middlewares/Third_Party/LwIP/src/netif/ppp/ppp.o
LOAD Middlewares/Third_Party/LwIP/src/netif/ppp/pppapi.o
LOAD Middlewares/Third_Party/LwIP/src/netif/ppp/pppcrypt.o
LOAD Middlewares/Third_Party/LwIP/src/netif/ppp/pppoe.o
LOAD Middlewares/Third_Party/LwIP/src/netif/ppp/pppol2tp.o
LOAD Middlewares/Third_Party/LwIP/src/netif/ppp/pppos.o
LOAD Middlewares/Third_Party/LwIP/src/netif/ppp/upap.o
LOAD Middlewares/Third_Party/LwIP/src/netif/ppp/utils.o
LOAD Middlewares/Third_Party/LwIP/src/netif/ppp/vj.o
LOAD Middlewares/Third_Party/LwIP/src/netif/slipif.o
LOAD Middlewares/Third_Party/LwIP/system/OS/sys_arch.o
LOAD Src/bsp_driver_sd.o
LOAD Src/ethernetif.o
LOAD Src/fatfs.o
LOAD Src/fatfs_platform.o
LOAD Src/freertos.o
LOAD Src/lwip.o
LOAD Src/main.o
LOAD Src/sd_diskio.o
LOAD Src/stm32f7xx_hal_msp.o
LOAD Src/stm32f7xx_hal_timebase_TIM.o
LOAD Src/stm32f7xx_it.o
LOAD Src/syscalls.o
LOAD Src/system_stm32f7xx.o
LOAD Src/usb_host.o
LOAD Src/usbh_conf.o
LOAD Src/usbh_platform.o
LOAD startup/startup_stm32f746xx.o
                0x0000000000000080                malloc_getpagesize_P = 0x80
START GROUP
LOAD /opt/Atollic_TrueSTUDIO_for_STM32_x86_64_9.0.1/ARMTools/bin/../lib/gcc/arm-atollic-eabi/6.3.1/../../../../arm-atollic-eabi/lib/armv7e-m/fpu/fpv5-sp-d16/libc_nano.a
LOAD /opt/Atollic_TrueSTUDIO_for_STM32_x86_64_9.0.1/ARMTools/bin/../lib/gcc/arm-atollic-eabi/6.3.1/../../../../arm-atollic-eabi/lib/armv7e-m/fpu/fpv5-sp-d16/libm.a
END GROUP
START GROUP
LOAD /opt/Atollic_TrueSTUDIO_for_STM32_x86_64_9.0.1/ARMTools/bin/../lib/gcc/arm-atollic-eabi/6.3.1/armv7e-m/fpu/fpv5-sp-d16/libgcc.a
LOAD /opt/Atollic_TrueSTUDIO_for_STM32_x86_64_9.0.1/ARMTools/bin/../lib/gcc/arm-atollic-eabi/6.3.1/../../../../arm-atollic-eabi/lib/armv7e-m/fpu/fpv5-sp-d16/libc_nano.a
END GROUP
START GROUP
LOAD /opt/Atollic_TrueSTUDIO_for_STM32_x86_64_9.0.1/ARMTools/bin/../lib/gcc/arm-atollic-eabi/6.3.1/armv7e-m/fpu/fpv5-sp-d16/libgcc.a
LOAD /opt/Atollic_TrueSTUDIO_for_STM32_x86_64_9.0.1/ARMTools/bin/../lib/gcc/arm-atollic-eabi/6.3.1/../../../../arm-atollic-eabi/lib/armv7e-m/fpu/fpv5-sp-d16/libc_nano.a
LOAD /opt/Atollic_TrueSTUDIO_for_STM32_x86_64_9.0.1/ARMTools/bin/../lib/gcc/arm-atollic-eabi/6.3.1/../../../../arm-atollic-eabi/lib/armv7e-m/fpu/fpv5-sp-d16/libnosys.a
END GROUP
START GROUP
LOAD /opt/Atollic_TrueSTUDIO_for_STM32_x86_64_9.0.1/ARMTools/bin/../lib/gcc/arm-atollic-eabi/6.3.1/armv7e-m/fpu/fpv5-sp-d16/libgcc.a
LOAD /opt/Atollic_TrueSTUDIO_for_STM32_x86_64_9.0.1/ARMTools/bin/../lib/gcc/arm-atollic-eabi/6.3.1/../../../../arm-atollic-eabi/lib/armv7e-m/fpu/fpv5-sp-d16/libc_nano.a
LOAD /opt/Atollic_TrueSTUDIO_for_STM32_x86_64_9.0.1/ARMTools/bin/../lib/gcc/arm-atollic-eabi/6.3.1/../../../../arm-atollic-eabi/lib/armv7e-m/fpu/fpv5-sp-d16/libnosys.a
END GROUP
LOAD /opt/Atollic_TrueSTUDIO_for_STM32_x86_64_9.0.1/ARMTools/bin/../lib/gcc/arm-atollic-eabi/6.3.1/armv7e-m/fpu/fpv5-sp-d16/crtend.o
LOAD /opt/Atollic_TrueSTUDIO_for_STM32_x86_64_9.0.1/ARMTools/bin/../lib/gcc/arm-atollic-eabi/6.3.1/armv7e-m/fpu/fpv5-sp-d16/crtn.o
                0x0000000020050000                _estack = 0x20050000
                0x0000000000000200                _Min_Heap_Size = 0x200
                0x0000000000000400                _Min_Stack_Size = 0x400

.isr_vector     0x0000000008000000      0x1c8
                0x0000000008000000                . = ALIGN (0x4)
 *(.isr_vector)
 .isr_vector    0x0000000008000000      0x1c8 startup/startup_stm32f746xx.o
                0x0000000008000000                g_pfnVectors
                0x00000000080001c8                . = ALIGN (0x4)

.text           0x00000000080001d0    0x11af4
                0x00000000080001d0                . = ALIGN (0x4)
 *(.text)
 .text          0x00000000080001d0       0x40 /opt/Atollic_TrueSTUDIO_for_STM32_x86_64_9.0.1/ARMTools/bin/../lib/gcc/arm-atollic-eabi/6.3.1/armv7e-m/fpu/fpv5-sp-d16/crtbegin.o
 .text          0x0000000008000210       0xa0 /opt/Atollic_TrueSTUDIO_for_STM32_x86_64_9.0.1/ARMTools/bin/../lib/gcc/arm-atollic-eabi/6.3.1/../../../../arm-atollic-eabi/lib/armv7e-m/fpu/fpv5-sp-d16/libc_nano.a(lib_a-memchr.o)
                0x0000000008000210                memchr
 .text          0x00000000080002b0       0x30 /opt/Atollic_TrueSTUDIO_for_STM32_x86_64_9.0.1/ARMTools/bin/../lib/gcc/arm-atollic-eabi/6.3.1/armv7e-m/fpu/fpv5-sp-d16/libgcc.a(_aeabi_uldivmod.o)
                0x00000000080002b0                __aeabi_uldivmod
 .text          0x00000000080002e0      0x2dc /opt/Atollic_TrueSTUDIO_for_STM32_x86_64_9.0.1/ARMTools/bin/../lib/gcc/arm-atollic-eabi/6.3.1/armv7e-m/fpu/fpv5-sp-d16/libgcc.a(_udivmoddi4.o)
                0x00000000080002e0                __udivmoddi4
 .text          0x00000000080005bc        0x4 /opt/Atollic_TrueSTUDIO_for_STM32_x86_64_9.0.1/ARMTools/bin/../lib/gcc/arm-atollic-eabi/6.3.1/armv7e-m/fpu/fpv5-sp-d16/libgcc.a(_dvmd_tls.o)
                0x00000000080005bc                __aeabi_ldiv0
                0x00000000080005bc                __aeabi_idiv0
 *(.text*)
 .text.HAL_Init
                0x00000000080005c0       0x16 Drivers/STM32F7xx_HAL_Driver/Src/stm32f7xx_hal.o
                0x00000000080005c0                HAL_Init
 *fill*         0x00000000080005d6        0x2 
 .text.HAL_IncTick
                0x00000000080005d8       0x18 Drivers/STM32F7xx_HAL_Driver/Src/stm32f7xx_hal.o
                0x00000000080005d8                HAL_IncTick
 .text.HAL_GetTick
                0x00000000080005f0        0xc Drivers/STM32F7xx_HAL_Driver/Src/stm32f7xx_hal.o
                0x00000000080005f0                HAL_GetTick
 .text.HAL_Delay
                0x00000000080005fc       0x24 Drivers/STM32F7xx_HAL_Driver/Src/stm32f7xx_hal.o
                0x00000000080005fc                HAL_Delay
 .text.HAL_ADC_Init
                0x0000000008000620      0x148 Drivers/STM32F7xx_HAL_Driver/Src/stm32f7xx_hal_adc.o
                0x0000000008000620                HAL_ADC_Init
 .text.HAL_ADC_ConfigChannel
                0x0000000008000768      0x140 Drivers/STM32F7xx_HAL_Driver/Src/stm32f7xx_hal_adc.o
                0x0000000008000768                HAL_ADC_ConfigChannel
 .text.HAL_NVIC_SetPriorityGrouping
                0x00000000080008a8       0x24 Drivers/STM32F7xx_HAL_Driver/Src/stm32f7xx_hal_cortex.o
                0x00000000080008a8                HAL_NVIC_SetPriorityGrouping
 .text.HAL_NVIC_SetPriority
                0x00000000080008cc       0x70 Drivers/STM32F7xx_HAL_Driver/Src/stm32f7xx_hal_cortex.o
                0x00000000080008cc                HAL_NVIC_SetPriority
 .text.HAL_NVIC_EnableIRQ
                0x000000000800093c       0x18 Drivers/STM32F7xx_HAL_Driver/Src/stm32f7xx_hal_cortex.o
                0x000000000800093c                HAL_NVIC_EnableIRQ
 .text.HAL_SYSTICK_Config
                0x0000000008000954       0x2c Drivers/STM32F7xx_HAL_Driver/Src/stm32f7xx_hal_cortex.o
                0x0000000008000954                HAL_SYSTICK_Config
 .text.HAL_SYSTICK_CLKSourceConfig
                0x0000000008000980       0x18 Drivers/STM32F7xx_HAL_Driver/Src/stm32f7xx_hal_cortex.o
                0x0000000008000980                HAL_SYSTICK_CLKSourceConfig
 .text.HAL_CRC_Init
                0x0000000008000998       0x74 Drivers/STM32F7xx_HAL_Driver/Src/stm32f7xx_hal_crc.o
                0x0000000008000998                HAL_CRC_Init
 .text.HAL_CRCEx_Polynomial_Set
                0x0000000008000a0c       0x4c Drivers/STM32F7xx_HAL_Driver/Src/stm32f7xx_hal_crc_ex.o
                0x0000000008000a0c                HAL_CRCEx_Polynomial_Set
 .text.HAL_DCMI_Init
                0x0000000008000a58       0x8c Drivers/STM32F7xx_HAL_Driver/Src/stm32f7xx_hal_dcmi.o
                0x0000000008000a58                HAL_DCMI_Init
 .text.HAL_DMA2D_Init
                0x0000000008000ae4       0x58 Drivers/STM32F7xx_HAL_Driver/Src/stm32f7xx_hal_dma2d.o
                0x0000000008000ae4                HAL_DMA2D_Init
 .text.HAL_DMA2D_LineEventCallback
                0x0000000008000b3c        0x2 Drivers/STM32F7xx_HAL_Driver/Src/stm32f7xx_hal_dma2d.o
                0x0000000008000b3c                HAL_DMA2D_LineEventCallback
 .text.HAL_DMA2D_CLUTLoadingCpltCallback
                0x0000000008000b3e        0x2 Drivers/STM32F7xx_HAL_Driver/Src/stm32f7xx_hal_dma2d.o
                0x0000000008000b3e                HAL_DMA2D_CLUTLoadingCpltCallback
 .text.HAL_DMA2D_IRQHandler
                0x0000000008000b40      0x114 Drivers/STM32F7xx_HAL_Driver/Src/stm32f7xx_hal_dma2d.o
                0x0000000008000b40                HAL_DMA2D_IRQHandler
 .text.HAL_DMA2D_ConfigLayer
                0x0000000008000c54       0x94 Drivers/STM32F7xx_HAL_Driver/Src/stm32f7xx_hal_dma2d.o
                0x0000000008000c54                HAL_DMA2D_ConfigLayer
 .text.ETH_FlushTransmitFIFO
                0x0000000008000ce8       0x2a Drivers/STM32F7xx_HAL_Driver/Src/stm32f7xx_hal_eth.o
 *fill*         0x0000000008000d12        0x2 
 .text.ETH_MACDMAConfig
                0x0000000008000d14       0xf8 Drivers/STM32F7xx_HAL_Driver/Src/stm32f7xx_hal_eth.o
 .text.HAL_ETH_DMATxDescListInit
                0x0000000008000e0c       0x7a Drivers/STM32F7xx_HAL_Driver/Src/stm32f7xx_hal_eth.o
                0x0000000008000e0c                HAL_ETH_DMATxDescListInit
 .text.HAL_ETH_DMARxDescListInit
                0x0000000008000e86       0x78 Drivers/STM32F7xx_HAL_Driver/Src/stm32f7xx_hal_eth.o
                0x0000000008000e86                HAL_ETH_DMARxDescListInit
 *fill*         0x0000000008000efe        0x2 
 .text.HAL_ETH_TransmitFrame
                0x0000000008000f00       0xe4 Drivers/STM32F7xx_HAL_Driver/Src/stm32f7xx_hal_eth.o
                0x0000000008000f00                HAL_ETH_TransmitFrame
 .text.HAL_ETH_GetReceivedFrame_IT
                0x0000000008000fe4       0x8a Drivers/STM32F7xx_HAL_Driver/Src/stm32f7xx_hal_eth.o
                0x0000000008000fe4                HAL_ETH_GetReceivedFrame_IT
 .text.HAL_ETH_TxCpltCallback
                0x000000000800106e        0x2 Drivers/STM32F7xx_HAL_Driver/Src/stm32f7xx_hal_eth.o
                0x000000000800106e                HAL_ETH_TxCpltCallback
 .text.HAL_ETH_ErrorCallback
                0x0000000008001070        0x2 Drivers/STM32F7xx_HAL_Driver/Src/stm32f7xx_hal_eth.o
                0x0000000008001070                HAL_ETH_ErrorCallback
 .text.HAL_ETH_IRQHandler
                0x0000000008001072       0x70 Drivers/STM32F7xx_HAL_Driver/Src/stm32f7xx_hal_eth.o
                0x0000000008001072                HAL_ETH_IRQHandler
 .text.HAL_ETH_ReadPHYRegister
                0x00000000080010e2       0x74 Drivers/STM32F7xx_HAL_Driver/Src/stm32f7xx_hal_eth.o
                0x00000000080010e2                HAL_ETH_ReadPHYRegister
 .text.HAL_ETH_WritePHYRegister
                0x0000000008001156       0x6e Drivers/STM32F7xx_HAL_Driver/Src/stm32f7xx_hal_eth.o
                0x0000000008001156                HAL_ETH_WritePHYRegister
 .text.HAL_ETH_Init
                0x00000000080011c4      0x1f4 Drivers/STM32F7xx_HAL_Driver/Src/stm32f7xx_hal_eth.o
                0x00000000080011c4                HAL_ETH_Init
 .text.HAL_ETH_Start
                0x00000000080013b8       0x7c Drivers/STM32F7xx_HAL_Driver/Src/stm32f7xx_hal_eth.o
                0x00000000080013b8                HAL_ETH_Start
 .text.HAL_GPIO_Init
                0x0000000008001434      0x1d4 Drivers/STM32F7xx_HAL_Driver/Src/stm32f7xx_hal_gpio.o
                0x0000000008001434                HAL_GPIO_Init
 .text.HAL_GPIO_WritePin
                0x0000000008001608        0xa Drivers/STM32F7xx_HAL_Driver/Src/stm32f7xx_hal_gpio.o
                0x0000000008001608                HAL_GPIO_WritePin
 .text.HAL_HCD_HC_Init
                0x0000000008001612       0x72 Drivers/STM32F7xx_HAL_Driver/Src/stm32f7xx_hal_hcd.o
                0x0000000008001612                HAL_HCD_HC_Init
 .text.HAL_HCD_HC_Halt
                0x0000000008001684       0x24 Drivers/STM32F7xx_HAL_Driver/Src/stm32f7xx_hal_hcd.o
                0x0000000008001684                HAL_HCD_HC_Halt
 .text.HAL_HCD_Init
                0x00000000080016a8       0x88 Drivers/STM32F7xx_HAL_Driver/Src/stm32f7xx_hal_hcd.o
                0x00000000080016a8                HAL_HCD_Init
 .text.HAL_HCD_HC_SubmitRequest
                0x0000000008001730       0xc4 Drivers/STM32F7xx_HAL_Driver/Src/stm32f7xx_hal_hcd.o
                0x0000000008001730                HAL_HCD_HC_SubmitRequest
 .text.HAL_HCD_IRQHandler
                0x00000000080017f4      0x628 Drivers/STM32F7xx_HAL_Driver/Src/stm32f7xx_hal_hcd.o
                0x00000000080017f4                HAL_HCD_IRQHandler
 .text.HAL_HCD_Start
                0x0000000008001e1c       0x2c Drivers/STM32F7xx_HAL_Driver/Src/stm32f7xx_hal_hcd.o
                0x0000000008001e1c                HAL_HCD_Start
 .text.HAL_HCD_Stop
                0x0000000008001e48       0x24 Drivers/STM32F7xx_HAL_Driver/Src/stm32f7xx_hal_hcd.o
                0x0000000008001e48                HAL_HCD_Stop
 .text.HAL_HCD_ResetPort
                0x0000000008001e6c        0x6 Drivers/STM32F7xx_HAL_Driver/Src/stm32f7xx_hal_hcd.o
                0x0000000008001e6c                HAL_HCD_ResetPort
 .text.HAL_HCD_HC_GetURBState
                0x0000000008001e72        0xc Drivers/STM32F7xx_HAL_Driver/Src/stm32f7xx_hal_hcd.o
                0x0000000008001e72                HAL_HCD_HC_GetURBState
 .text.HAL_HCD_HC_GetXferCount
                0x0000000008001e7e        0xa Drivers/STM32F7xx_HAL_Driver/Src/stm32f7xx_hal_hcd.o
                0x0000000008001e7e                HAL_HCD_HC_GetXferCount
 .text.HAL_HCD_GetCurrentFrame
                0x0000000008001e88        0x6 Drivers/STM32F7xx_HAL_Driver/Src/stm32f7xx_hal_hcd.o
                0x0000000008001e88                HAL_HCD_GetCurrentFrame
 .text.HAL_HCD_GetCurrentSpeed
                0x0000000008001e8e        0x6 Drivers/STM32F7xx_HAL_Driver/Src/stm32f7xx_hal_hcd.o
                0x0000000008001e8e                HAL_HCD_GetCurrentSpeed
 .text.HAL_I2C_Init
                0x0000000008001e94       0xa2 Drivers/STM32F7xx_HAL_Driver/Src/stm32f7xx_hal_i2c.o
                0x0000000008001e94                HAL_I2C_Init
 .text.HAL_I2CEx_ConfigAnalogFilter
                0x0000000008001f36       0x4c Drivers/STM32F7xx_HAL_Driver/Src/stm32f7xx_hal_i2c_ex.o
                0x0000000008001f36                HAL_I2CEx_ConfigAnalogFilter
 .text.HAL_I2CEx_ConfigDigitalFilter
                0x0000000008001f82       0x4a Drivers/STM32F7xx_HAL_Driver/Src/stm32f7xx_hal_i2c_ex.o
                0x0000000008001f82                HAL_I2CEx_ConfigDigitalFilter
 .text.LTDC_SetConfig
                0x0000000008001fcc      0x10c Drivers/STM32F7xx_HAL_Driver/Src/stm32f7xx_hal_ltdc.o
 .text.HAL_LTDC_Init
                0x00000000080020d8       0xe0 Drivers/STM32F7xx_HAL_Driver/Src/stm32f7xx_hal_ltdc.o
                0x00000000080020d8                HAL_LTDC_Init
 .text.HAL_LTDC_ErrorCallback
                0x00000000080021b8        0x2 Drivers/STM32F7xx_HAL_Driver/Src/stm32f7xx_hal_ltdc.o
                0x00000000080021b8                HAL_LTDC_ErrorCallback
 .text.HAL_LTDC_LineEventCallback
                0x00000000080021ba        0x2 Drivers/STM32F7xx_HAL_Driver/Src/stm32f7xx_hal_ltdc.o
                0x00000000080021ba                HAL_LTDC_LineEventCallback
 .text.HAL_LTDC_ReloadEventCallback
                0x00000000080021bc        0x2 Drivers/STM32F7xx_HAL_Driver/Src/stm32f7xx_hal_ltdc.o
                0x00000000080021bc                HAL_LTDC_ReloadEventCallback
 .text.HAL_LTDC_IRQHandler
                0x00000000080021be       0xc6 Drivers/STM32F7xx_HAL_Driver/Src/stm32f7xx_hal_ltdc.o
                0x00000000080021be                HAL_LTDC_IRQHandler
 .text.HAL_LTDC_ConfigLayer
                0x0000000008002284       0x52 Drivers/STM32F7xx_HAL_Driver/Src/stm32f7xx_hal_ltdc.o
                0x0000000008002284                HAL_LTDC_ConfigLayer
 *fill*         0x00000000080022d6        0x2 
 .text.HAL_PWREx_EnableOverDrive
                0x00000000080022d8       0x70 Drivers/STM32F7xx_HAL_Driver/Src/stm32f7xx_hal_pwr_ex.o
                0x00000000080022d8                HAL_PWREx_EnableOverDrive
 .text.QSPI_WaitFlagStateUntilTimeout
                0x0000000008002348       0x4c Drivers/STM32F7xx_HAL_Driver/Src/stm32f7xx_hal_qspi.o
 .text.HAL_QSPI_Init
                0x0000000008002394       0xb8 Drivers/STM32F7xx_HAL_Driver/Src/stm32f7xx_hal_qspi.o
                0x0000000008002394                HAL_QSPI_Init
 .text.HAL_RCC_OscConfig
                0x000000000800244c      0x328 Drivers/STM32F7xx_HAL_Driver/Src/stm32f7xx_hal_rcc.o
                0x000000000800244c                HAL_RCC_OscConfig
 .text.HAL_RCC_GetSysClockFreq
                0x0000000008002774       0x5c Drivers/STM32F7xx_HAL_Driver/Src/stm32f7xx_hal_rcc.o
                0x0000000008002774                HAL_RCC_GetSysClockFreq
 .text.HAL_RCC_ClockConfig
                0x00000000080027d0      0x13c Drivers/STM32F7xx_HAL_Driver/Src/stm32f7xx_hal_rcc.o
                0x00000000080027d0                HAL_RCC_ClockConfig
 .text.HAL_RCC_GetHCLKFreq
                0x000000000800290c        0xc Drivers/STM32F7xx_HAL_Driver/Src/stm32f7xx_hal_rcc.o
                0x000000000800290c                HAL_RCC_GetHCLKFreq
 .text.HAL_RCC_GetPCLK1Freq
                0x0000000008002918       0x20 Drivers/STM32F7xx_HAL_Driver/Src/stm32f7xx_hal_rcc.o
                0x0000000008002918                HAL_RCC_GetPCLK1Freq
 .text.HAL_RCC_GetPCLK2Freq
                0x0000000008002938       0x20 Drivers/STM32F7xx_HAL_Driver/Src/stm32f7xx_hal_rcc.o
                0x0000000008002938                HAL_RCC_GetPCLK2Freq
 .text.HAL_RCC_GetClockConfig
                0x0000000008002958       0x3c Drivers/STM32F7xx_HAL_Driver/Src/stm32f7xx_hal_rcc.o
                0x0000000008002958                HAL_RCC_GetClockConfig
 .text.HAL_RCCEx_PeriphCLKConfig
                0x0000000008002994      0x514 Drivers/STM32F7xx_HAL_Driver/Src/stm32f7xx_hal_rcc_ex.o
                0x0000000008002994                HAL_RCCEx_PeriphCLKConfig
 .text.HAL_RCCEx_GetPeriphCLKFreq
                0x0000000008002ea8       0xc8 Drivers/STM32F7xx_HAL_Driver/Src/stm32f7xx_hal_rcc_ex.o
                0x0000000008002ea8                HAL_RCCEx_GetPeriphCLKFreq
 .text.HAL_RTC_WaitForSynchro
                0x0000000008002f70       0x30 Drivers/STM32F7xx_HAL_Driver/Src/stm32f7xx_hal_rtc.o
                0x0000000008002f70                HAL_RTC_WaitForSynchro
 .text.RTC_EnterInitMode
                0x0000000008002fa0       0x34 Drivers/STM32F7xx_HAL_Driver/Src/stm32f7xx_hal_rtc.o
                0x0000000008002fa0                RTC_EnterInitMode
 .text.HAL_RTC_Init
                0x0000000008002fd4       0x84 Drivers/STM32F7xx_HAL_Driver/Src/stm32f7xx_hal_rtc.o
                0x0000000008002fd4                HAL_RTC_Init
 .text.RTC_ByteToBcd2
                0x0000000008003058       0x16 Drivers/STM32F7xx_HAL_Driver/Src/stm32f7xx_hal_rtc.o
                0x0000000008003058                RTC_ByteToBcd2
 .text.HAL_RTC_SetDate
                0x000000000800306e       0xbe Drivers/STM32F7xx_HAL_Driver/Src/stm32f7xx_hal_rtc.o
                0x000000000800306e                HAL_RTC_SetDate
 .text.HAL_RTC_SetTime
                0x000000000800312c       0xdc Drivers/STM32F7xx_HAL_Driver/Src/stm32f7xx_hal_rtc.o
                0x000000000800312c                HAL_RTC_SetTime
 .text.HAL_RTC_SetAlarm
                0x0000000008003208      0x13c Drivers/STM32F7xx_HAL_Driver/Src/stm32f7xx_hal_rtc.o
                0x0000000008003208                HAL_RTC_SetAlarm
 .text.HAL_RTCEx_SetTimeStamp
                0x0000000008003344       0x4c Drivers/STM32F7xx_HAL_Driver/Src/stm32f7xx_hal_rtc_ex.o
                0x0000000008003344                HAL_RTCEx_SetTimeStamp
 .text.SAI_Disable
                0x0000000008003390       0x40 Drivers/STM32F7xx_HAL_Driver/Src/stm32f7xx_hal_sai.o
 .text.HAL_SAI_Init
                0x00000000080033d0      0x1b4 Drivers/STM32F7xx_HAL_Driver/Src/stm32f7xx_hal_sai.o
                0x00000000080033d0                HAL_SAI_Init
 .text.HAL_SDRAM_Init
                0x0000000008003584       0x40 Drivers/STM32F7xx_HAL_Driver/Src/stm32f7xx_hal_sdram.o
                0x0000000008003584                HAL_SDRAM_Init
 .text.HAL_SPDIFRX_Init
                0x00000000080035c4       0x6e Drivers/STM32F7xx_HAL_Driver/Src/stm32f7xx_hal_spdifrx.o
                0x00000000080035c4                HAL_SPDIFRX_Init
 .text.HAL_SPI_Init
                0x0000000008003632       0xaa Drivers/STM32F7xx_HAL_Driver/Src/stm32f7xx_hal_spi.o
                0x0000000008003632                HAL_SPI_Init
 .text.TIM_TI1_ConfigInputStage
                0x00000000080036dc       0x22 Drivers/STM32F7xx_HAL_Driver/Src/stm32f7xx_hal_tim.o
 .text.TIM_TI2_ConfigInputStage
                0x00000000080036fe       0x24 Drivers/STM32F7xx_HAL_Driver/Src/stm32f7xx_hal_tim.o
 .text.HAL_TIM_Base_Start_IT
                0x0000000008003722       0x16 Drivers/STM32F7xx_HAL_Driver/Src/stm32f7xx_hal_tim.o
                0x0000000008003722                HAL_TIM_Base_Start_IT
 .text.HAL_TIM_OC_DelayElapsedCallback
                0x0000000008003738        0x2 Drivers/STM32F7xx_HAL_Driver/Src/stm32f7xx_hal_tim.o
                0x0000000008003738                HAL_TIM_OC_DelayElapsedCallback
 .text.HAL_TIM_IC_CaptureCallback
                0x000000000800373a        0x2 Drivers/STM32F7xx_HAL_Driver/Src/stm32f7xx_hal_tim.o
                0x000000000800373a                HAL_TIM_IC_CaptureCallback
 .text.HAL_TIM_PWM_PulseFinishedCallback
                0x000000000800373c        0x2 Drivers/STM32F7xx_HAL_Driver/Src/stm32f7xx_hal_tim.o
                0x000000000800373c                HAL_TIM_PWM_PulseFinishedCallback
 .text.HAL_TIM_TriggerCallback
                0x000000000800373e        0x2 Drivers/STM32F7xx_HAL_Driver/Src/stm32f7xx_hal_tim.o
                0x000000000800373e                HAL_TIM_TriggerCallback
 .text.HAL_TIM_IRQHandler
                0x0000000008003740      0x160 Drivers/STM32F7xx_HAL_Driver/Src/stm32f7xx_hal_tim.o
                0x0000000008003740                HAL_TIM_IRQHandler
 .text.TIM_Base_SetConfig
                0x00000000080038a0       0xd0 Drivers/STM32F7xx_HAL_Driver/Src/stm32f7xx_hal_tim.o
                0x00000000080038a0                TIM_Base_SetConfig
 .text.HAL_TIM_Base_Init
                0x0000000008003970       0x34 Drivers/STM32F7xx_HAL_Driver/Src/stm32f7xx_hal_tim.o
                0x0000000008003970                HAL_TIM_Base_Init
 .text.HAL_TIM_PWM_Init
                0x00000000080039a4       0x34 Drivers/STM32F7xx_HAL_Driver/Src/stm32f7xx_hal_tim.o
                0x00000000080039a4                HAL_TIM_PWM_Init
 .text.TIM_OC1_SetConfig
                0x00000000080039d8       0x5c Drivers/STM32F7xx_HAL_Driver/Src/stm32f7xx_hal_tim.o
                0x00000000080039d8                TIM_OC1_SetConfig
 .text.TIM_OC2_SetConfig
                0x0000000008003a34       0x64 Drivers/STM32F7xx_HAL_Driver/Src/stm32f7xx_hal_tim.o
                0x0000000008003a34                TIM_OC2_SetConfig
 .text.TIM_OC3_SetConfig
                0x0000000008003a98       0x64 Drivers/STM32F7xx_HAL_Driver/Src/stm32f7xx_hal_tim.o
                0x0000000008003a98                TIM_OC3_SetConfig
 .text.TIM_OC4_SetConfig
                0x0000000008003afc       0x54 Drivers/STM32F7xx_HAL_Driver/Src/stm32f7xx_hal_tim.o
                0x0000000008003afc                TIM_OC4_SetConfig
 .text.TIM_ETR_SetConfig
                0x0000000008003b50       0x14 Drivers/STM32F7xx_HAL_Driver/Src/stm32f7xx_hal_tim.o
                0x0000000008003b50                TIM_ETR_SetConfig
 .text.HAL_TIM_ConfigClockSource
                0x0000000008003b64      0x11c Drivers/STM32F7xx_HAL_Driver/Src/stm32f7xx_hal_tim.o
                0x0000000008003b64                HAL_TIM_ConfigClockSource
 .text.TIM_OC5_SetConfig
                0x0000000008003c80       0x50 Drivers/STM32F7xx_HAL_Driver/Src/stm32f7xx_hal_tim_ex.o
 .text.TIM_OC6_SetConfig
                0x0000000008003cd0       0x50 Drivers/STM32F7xx_HAL_Driver/Src/stm32f7xx_hal_tim_ex.o
 .text.HAL_TIMEx_MasterConfigSynchronization
                0x0000000008003d20       0x4c Drivers/STM32F7xx_HAL_Driver/Src/stm32f7xx_hal_tim_ex.o
                0x0000000008003d20                HAL_TIMEx_MasterConfigSynchronization
 .text.HAL_TIMEx_ConfigBreakDeadTime
                0x0000000008003d6c       0x84 Drivers/STM32F7xx_HAL_Driver/Src/stm32f7xx_hal_tim_ex.o
                0x0000000008003d6c                HAL_TIMEx_ConfigBreakDeadTime
 .text.HAL_TIMEx_CommutationCallback
                0x0000000008003df0        0x2 Drivers/STM32F7xx_HAL_Driver/Src/stm32f7xx_hal_tim_ex.o
                0x0000000008003df0                HAL_TIMEx_CommutationCallback
 .text.HAL_TIMEx_BreakCallback
                0x0000000008003df2        0x2 Drivers/STM32F7xx_HAL_Driver/Src/stm32f7xx_hal_tim_ex.o
                0x0000000008003df2                HAL_TIMEx_BreakCallback
 .text.HAL_TIM_PWM_ConfigChannel
                0x0000000008003df4      0x10c Drivers/STM32F7xx_HAL_Driver/Src/stm32f7xx_hal_tim_ex.o
                0x0000000008003df4                HAL_TIM_PWM_ConfigChannel
 .text.UART_WaitOnFlagUntilTimeout
                0x0000000008003f00       0x62 Drivers/STM32F7xx_HAL_Driver/Src/stm32f7xx_hal_uart.o
                0x0000000008003f00                UART_WaitOnFlagUntilTimeout
 *fill*         0x0000000008003f62        0x2 
 .text.UART_SetConfig
                0x0000000008003f64      0x290 Drivers/STM32F7xx_HAL_Driver/Src/stm32f7xx_hal_uart.o
                0x0000000008003f64                UART_SetConfig
 .text.UART_AdvFeatureConfig
                0x00000000080041f4       0xaa Drivers/STM32F7xx_HAL_Driver/Src/stm32f7xx_hal_uart.o
                0x00000000080041f4                UART_AdvFeatureConfig
 .text.UART_CheckIdleState
                0x000000000800429e       0x44 Drivers/STM32F7xx_HAL_Driver/Src/stm32f7xx_hal_uart.o
                0x000000000800429e                UART_CheckIdleState
 .text.HAL_UART_Init
                0x00000000080042e2       0x64 Drivers/STM32F7xx_HAL_Driver/Src/stm32f7xx_hal_uart.o
                0x00000000080042e2                HAL_UART_Init
 .text.FMC_SDRAM_Init
                0x0000000008004346       0x7e Drivers/STM32F7xx_HAL_Driver/Src/stm32f7xx_ll_fmc.o
                0x0000000008004346                FMC_SDRAM_Init
 .text.FMC_SDRAM_Timing_Init
                0x00000000080043c4       0x90 Drivers/STM32F7xx_HAL_Driver/Src/stm32f7xx_ll_fmc.o
                0x00000000080043c4                FMC_SDRAM_Timing_Init
 .text.USB_CoreReset
                0x0000000008004454       0x30 Drivers/STM32F7xx_HAL_Driver/Src/stm32f7xx_ll_usb.o
 .text.USB_CoreInit
                0x0000000008004484       0x76 Drivers/STM32F7xx_HAL_Driver/Src/stm32f7xx_ll_usb.o
                0x0000000008004484                USB_CoreInit
 .text.USB_EnableGlobalInt
                0x00000000080044fa        0xc Drivers/STM32F7xx_HAL_Driver/Src/stm32f7xx_ll_usb.o
                0x00000000080044fa                USB_EnableGlobalInt
 .text.USB_DisableGlobalInt
                0x0000000008004506        0xc Drivers/STM32F7xx_HAL_Driver/Src/stm32f7xx_ll_usb.o
                0x0000000008004506                USB_DisableGlobalInt
 .text.USB_SetCurrentMode
                0x0000000008004512       0x2e Drivers/STM32F7xx_HAL_Driver/Src/stm32f7xx_ll_usb.o
                0x0000000008004512                USB_SetCurrentMode
 .text.USB_FlushTxFifo
                0x0000000008004540       0x24 Drivers/STM32F7xx_HAL_Driver/Src/stm32f7xx_ll_usb.o
                0x0000000008004540                USB_FlushTxFifo
 .text.USB_FlushRxFifo
                0x0000000008004564       0x20 Drivers/STM32F7xx_HAL_Driver/Src/stm32f7xx_ll_usb.o
                0x0000000008004564                USB_FlushRxFifo
 .text.USB_WritePacket
                0x0000000008004584       0x28 Drivers/STM32F7xx_HAL_Driver/Src/stm32f7xx_ll_usb.o
                0x0000000008004584                USB_WritePacket
 .text.USB_ReadPacket
                0x00000000080045ac       0x1c Drivers/STM32F7xx_HAL_Driver/Src/stm32f7xx_ll_usb.o
                0x00000000080045ac                USB_ReadPacket
 .text.USB_ReadInterrupts
                0x00000000080045c8        0x8 Drivers/STM32F7xx_HAL_Driver/Src/stm32f7xx_ll_usb.o
                0x00000000080045c8                USB_ReadInterrupts
 .text.USB_GetMode
                0x00000000080045d0        0x8 Drivers/STM32F7xx_HAL_Driver/Src/stm32f7xx_ll_usb.o
                0x00000000080045d0                USB_GetMode
 .text.USB_InitFSLSPClkSel
                0x00000000080045d8       0x3a Drivers/STM32F7xx_HAL_Driver/Src/stm32f7xx_ll_usb.o
                0x00000000080045d8                USB_InitFSLSPClkSel
 .text.USB_ResetPort
                0x0000000008004612       0x3c Drivers/STM32F7xx_HAL_Driver/Src/stm32f7xx_ll_usb.o
                0x0000000008004612                USB_ResetPort
 .text.USB_DriveVbus
                0x000000000800464e       0x40 Drivers/STM32F7xx_HAL_Driver/Src/stm32f7xx_ll_usb.o
                0x000000000800464e                USB_DriveVbus
 *fill*         0x000000000800468e        0x2 
 .text.USB_HostInit
                0x0000000008004690       0xcc Drivers/STM32F7xx_HAL_Driver/Src/stm32f7xx_ll_usb.o
                0x0000000008004690                USB_HostInit
 .text.USB_GetHostSpeed
                0x000000000800475c       0x16 Drivers/STM32F7xx_HAL_Driver/Src/stm32f7xx_ll_usb.o
                0x000000000800475c                USB_GetHostSpeed
 .text.USB_GetCurrentFrame
                0x0000000008004772        0xa Drivers/STM32F7xx_HAL_Driver/Src/stm32f7xx_ll_usb.o
                0x0000000008004772                USB_GetCurrentFrame
 .text.USB_HC_Init
                0x000000000800477c      0x112 Drivers/STM32F7xx_HAL_Driver/Src/stm32f7xx_ll_usb.o
                0x000000000800477c                USB_HC_Init
 .text.USB_HC_ReadInterrupt
                0x000000000800488e        0xa Drivers/STM32F7xx_HAL_Driver/Src/stm32f7xx_ll_usb.o
                0x000000000800488e                USB_HC_ReadInterrupt
 .text.USB_HC_Halt
                0x0000000008004898       0xa4 Drivers/STM32F7xx_HAL_Driver/Src/stm32f7xx_ll_usb.o
                0x0000000008004898                USB_HC_Halt
 .text.USB_DoPing
                0x000000000800493c       0x24 Drivers/STM32F7xx_HAL_Driver/Src/stm32f7xx_ll_usb.o
                0x000000000800493c                USB_DoPing
 .text.USB_HC_StartXfer
                0x0000000008004960      0x164 Drivers/STM32F7xx_HAL_Driver/Src/stm32f7xx_ll_usb.o
                0x0000000008004960                USB_HC_StartXfer
 .text.USB_StopHost
                0x0000000008004ac4       0x6c Drivers/STM32F7xx_HAL_Driver/Src/stm32f7xx_ll_usb.o
                0x0000000008004ac4                USB_StopHost
 .text.USBH_CDC_SOFProcess
                0x0000000008004b30        0x4 Middlewares/ST/STM32_USB_Host_Library/Class/CDC/Src/usbh_cdc.o
 .text.USBH_CDC_InterfaceDeInit
                0x0000000008004b34       0x62 Middlewares/ST/STM32_USB_Host_Library/Class/CDC/Src/usbh_cdc.o
 .text.USBH_CDC_InterfaceInit
                0x0000000008004b96      0x12a Middlewares/ST/STM32_USB_Host_Library/Class/CDC/Src/usbh_cdc.o
 .text.USBH_CDC_ClassRequest
                0x0000000008004cc0       0x34 Middlewares/ST/STM32_USB_Host_Library/Class/CDC/Src/usbh_cdc.o
 .text.USBH_CDC_TransmitCallback
                0x0000000008004cf4        0x2 Middlewares/ST/STM32_USB_Host_Library/Class/CDC/Src/usbh_cdc.o
                0x0000000008004cf4                USBH_CDC_TransmitCallback
 .text.USBH_CDC_ReceiveCallback
                0x0000000008004cf6        0x2 Middlewares/ST/STM32_USB_Host_Library/Class/CDC/Src/usbh_cdc.o
                0x0000000008004cf6                USBH_CDC_ReceiveCallback
 .text.USBH_CDC_LineCodingChanged
                0x0000000008004cf8        0x2 Middlewares/ST/STM32_USB_Host_Library/Class/CDC/Src/usbh_cdc.o
                0x0000000008004cf8                USBH_CDC_LineCodingChanged
 .text.USBH_CDC_Process
                0x0000000008004cfa      0x194 Middlewares/ST/STM32_USB_Host_Library/Class/CDC/Src/usbh_cdc.o
 .text.DeInitStateMachine
                0x0000000008004e8e       0x44 Middlewares/ST/STM32_USB_Host_Library/Core/Src/usbh_core.o
 *fill*         0x0000000008004ed2        0x2 
 .text.USBH_Init
                0x0000000008004ed4       0x68 Middlewares/ST/STM32_USB_Host_Library/Core/Src/usbh_core.o
                0x0000000008004ed4                USBH_Init
 .text.USBH_RegisterClass
                0x0000000008004f3c       0x1a Middlewares/ST/STM32_USB_Host_Library/Core/Src/usbh_core.o
                0x0000000008004f3c                USBH_RegisterClass
 .text.USBH_SelectInterface
                0x0000000008004f56       0x12 Middlewares/ST/STM32_USB_Host_Library/Core/Src/usbh_core.o
                0x0000000008004f56                USBH_SelectInterface
 .text.USBH_FindInterface
                0x0000000008004f68       0x38 Middlewares/ST/STM32_USB_Host_Library/Core/Src/usbh_core.o
                0x0000000008004f68                USBH_FindInterface
 .text.USBH_Start
                0x0000000008004fa0       0x14 Middlewares/ST/STM32_USB_Host_Library/Core/Src/usbh_core.o
                0x0000000008004fa0                USBH_Start
 .text.USBH_Process
                0x0000000008004fb4      0x2ec Middlewares/ST/STM32_USB_Host_Library/Core/Src/usbh_core.o
                0x0000000008004fb4                USBH_Process
 .text.USBH_Process_OS
                0x00000000080052a0       0x20 Middlewares/ST/STM32_USB_Host_Library/Core/Src/usbh_core.o
 .text.USBH_LL_SetTimer
                0x00000000080052c0        0x6 Middlewares/ST/STM32_USB_Host_Library/Core/Src/usbh_core.o
                0x00000000080052c0                USBH_LL_SetTimer
 .text.USBH_LL_IncTimer
                0x00000000080052c6       0x1c Middlewares/ST/STM32_USB_Host_Library/Core/Src/usbh_core.o
                0x00000000080052c6                USBH_LL_IncTimer
 .text.USBH_LL_PortEnabled
                0x00000000080052e2        0x8 Middlewares/ST/STM32_USB_Host_Library/Core/Src/usbh_core.o
                0x00000000080052e2                USBH_LL_PortEnabled
 .text.USBH_LL_PortDisabled
                0x00000000080052ea        0x8 Middlewares/ST/STM32_USB_Host_Library/Core/Src/usbh_core.o
                0x00000000080052ea                USBH_LL_PortDisabled
 .text.USBH_LL_Connect
                0x00000000080052f2       0x36 Middlewares/ST/STM32_USB_Host_Library/Core/Src/usbh_core.o
                0x00000000080052f2                USBH_LL_Connect
 .text.USBH_LL_Disconnect
                0x0000000008005328       0x44 Middlewares/ST/STM32_USB_Host_Library/Core/Src/usbh_core.o
                0x0000000008005328                USBH_LL_Disconnect
 .text.USBH_LL_NotifyURBChange
                0x000000000800536c       0x12 Middlewares/ST/STM32_USB_Host_Library/Core/Src/usbh_core.o
                0x000000000800536c                USBH_LL_NotifyURBChange
 .text.USBH_CtlReq
                0x000000000800537e      0x1a8 Middlewares/ST/STM32_USB_Host_Library/Core/Src/usbh_ctlreq.o
                0x000000000800537e                USBH_CtlReq
 .text.USBH_GetDescriptor
                0x0000000008005526       0x36 Middlewares/ST/STM32_USB_Host_Library/Core/Src/usbh_ctlreq.o
                0x0000000008005526                USBH_GetDescriptor
 .text.USBH_Get_DevDesc
                0x000000000800555c       0x90 Middlewares/ST/STM32_USB_Host_Library/Core/Src/usbh_ctlreq.o
                0x000000000800555c                USBH_Get_DevDesc
 .text.USBH_Get_CfgDesc
                0x00000000080055ec      0x11c Middlewares/ST/STM32_USB_Host_Library/Core/Src/usbh_ctlreq.o
                0x00000000080055ec                USBH_Get_CfgDesc
 .text.USBH_Get_StringDesc
                0x0000000008005708       0x4e Middlewares/ST/STM32_USB_Host_Library/Core/Src/usbh_ctlreq.o
                0x0000000008005708                USBH_Get_StringDesc
 .text.USBH_SetAddress
                0x0000000008005756       0x1c Middlewares/ST/STM32_USB_Host_Library/Core/Src/usbh_ctlreq.o
                0x0000000008005756                USBH_SetAddress
 .text.USBH_SetCfg
                0x0000000008005772       0x1c Middlewares/ST/STM32_USB_Host_Library/Core/Src/usbh_ctlreq.o
                0x0000000008005772                USBH_SetCfg
 .text.USBH_SetFeature
                0x000000000800578e       0x1c Middlewares/ST/STM32_USB_Host_Library/Core/Src/usbh_ctlreq.o
                0x000000000800578e                USBH_SetFeature
 .text.USBH_ClrFeature
                0x00000000080057aa       0x1c Middlewares/ST/STM32_USB_Host_Library/Core/Src/usbh_ctlreq.o
                0x00000000080057aa                USBH_ClrFeature
 .text.USBH_CtlSendSetup
                0x00000000080057c6       0x22 Middlewares/ST/STM32_USB_Host_Library/Core/Src/usbh_ioreq.o
                0x00000000080057c6                USBH_CtlSendSetup
 .text.USBH_CtlSendData
                0x00000000080057e8       0x2e Middlewares/ST/STM32_USB_Host_Library/Core/Src/usbh_ioreq.o
                0x00000000080057e8                USBH_CtlSendData
 .text.USBH_CtlReceiveData
                0x0000000008005816       0x20 Middlewares/ST/STM32_USB_Host_Library/Core/Src/usbh_ioreq.o
                0x0000000008005816                USBH_CtlReceiveData
 .text.USBH_BulkSendData
                0x0000000008005836       0x30 Middlewares/ST/STM32_USB_Host_Library/Core/Src/usbh_ioreq.o
                0x0000000008005836                USBH_BulkSendData
 .text.USBH_BulkReceiveData
                0x0000000008005866       0x20 Middlewares/ST/STM32_USB_Host_Library/Core/Src/usbh_ioreq.o
                0x0000000008005866                USBH_BulkReceiveData
 .text.USBH_OpenPipe
                0x0000000008005886       0x1e Middlewares/ST/STM32_USB_Host_Library/Core/Src/usbh_pipes.o
                0x0000000008005886                USBH_OpenPipe
 .text.USBH_ClosePipe
                0x00000000080058a4        0xa Middlewares/ST/STM32_USB_Host_Library/Core/Src/usbh_pipes.o
                0x00000000080058a4                USBH_ClosePipe
 .text.USBH_AllocPipe
                0x00000000080058ae       0x2e Middlewares/ST/STM32_USB_Host_Library/Core/Src/usbh_pipes.o
                0x00000000080058ae                USBH_AllocPipe
 .text.USBH_FreePipe
                0x00000000080058dc       0x18 Middlewares/ST/STM32_USB_Host_Library/Core/Src/usbh_pipes.o
                0x00000000080058dc                USBH_FreePipe
 .text.osKernelStart
                0x00000000080058f4        0xa Middlewares/Third_Party/FreeRTOS/Source/CMSIS_RTOS/cmsis_os.o
                0x00000000080058f4                osKernelStart
 .text.osKernelSysTick
                0x00000000080058fe        0xe Middlewares/Third_Party/FreeRTOS/Source/CMSIS_RTOS/cmsis_os.o
                0x00000000080058fe                osKernelSysTick
 .text.osThreadCreate
                0x000000000800590c       0x30 Middlewares/Third_Party/FreeRTOS/Source/CMSIS_RTOS/cmsis_os.o
                0x000000000800590c                osThreadCreate
 .text.osDelay  0x000000000800593c       0x10 Middlewares/Third_Party/FreeRTOS/Source/CMSIS_RTOS/cmsis_os.o
                0x000000000800593c                osDelay
 .text.osMutexCreate
                0x000000000800594c        0x6 Middlewares/Third_Party/FreeRTOS/Source/CMSIS_RTOS/cmsis_os.o
                0x000000000800594c                osMutexCreate
 *fill*         0x0000000008005952        0x2 
 .text.osMutexWait
                0x0000000008005954       0x50 Middlewares/Third_Party/FreeRTOS/Source/CMSIS_RTOS/cmsis_os.o
                0x0000000008005954                osMutexWait
 .text.osSemaphoreCreate
                0x00000000080059a4       0x2a Middlewares/Third_Party/FreeRTOS/Source/CMSIS_RTOS/cmsis_os.o
                0x00000000080059a4                osSemaphoreCreate
 *fill*         0x00000000080059ce        0x2 
 .text.osSemaphoreWait
                0x00000000080059d0       0x50 Middlewares/Third_Party/FreeRTOS/Source/CMSIS_RTOS/cmsis_os.o
                0x00000000080059d0                osSemaphoreWait
 .text.osSemaphoreRelease
                0x0000000008005a20       0x48 Middlewares/Third_Party/FreeRTOS/Source/CMSIS_RTOS/cmsis_os.o
                0x0000000008005a20                osSemaphoreRelease
 .text.osMutexRelease
                0x0000000008005a68        0x4 Middlewares/Third_Party/FreeRTOS/Source/CMSIS_RTOS/cmsis_os.o
                0x0000000008005a68                osMutexRelease
 .text.osMessageCreate
                0x0000000008005a6c        0x8 Middlewares/Third_Party/FreeRTOS/Source/CMSIS_RTOS/cmsis_os.o
                0x0000000008005a6c                osMessageCreate
 .text.osMessagePut
                0x0000000008005a74       0x50 Middlewares/Third_Party/FreeRTOS/Source/CMSIS_RTOS/cmsis_os.o
                0x0000000008005a74                osMessagePut
 .text.osMessageGet
                0x0000000008005ac4       0x74 Middlewares/Third_Party/FreeRTOS/Source/CMSIS_RTOS/cmsis_os.o
                0x0000000008005ac4                osMessageGet
 .text.osSystickHandler
                0x0000000008005b38       0x14 Middlewares/Third_Party/FreeRTOS/Source/CMSIS_RTOS/cmsis_os.o
                0x0000000008005b38                osSystickHandler
 .text.osMessageWaiting
                0x0000000008005b4c        0xe Middlewares/Third_Party/FreeRTOS/Source/CMSIS_RTOS/cmsis_os.o
                0x0000000008005b4c                osMessageWaiting
 .text.osMessageDelete
                0x0000000008005b5a       0x14 Middlewares/Third_Party/FreeRTOS/Source/CMSIS_RTOS/cmsis_os.o
                0x0000000008005b5a                osMessageDelete
 .text.osSemaphoreDelete
                0x0000000008005b6e        0x4 Middlewares/Third_Party/FreeRTOS/Source/CMSIS_RTOS/cmsis_os.o
                0x0000000008005b6e                osSemaphoreDelete
 .text.vListInitialise
                0x0000000008005b72       0x16 Middlewares/Third_Party/FreeRTOS/Source/list.o
                0x0000000008005b72                vListInitialise
 .text.vListInitialiseItem
                0x0000000008005b88        0x6 Middlewares/Third_Party/FreeRTOS/Source/list.o
                0x0000000008005b88                vListInitialiseItem
 .text.vListInsertEnd
                0x0000000008005b8e       0x18 Middlewares/Third_Party/FreeRTOS/Source/list.o
                0x0000000008005b8e                vListInsertEnd
 .text.vListInsert
                0x0000000008005ba6       0x2e Middlewares/Third_Party/FreeRTOS/Source/list.o
                0x0000000008005ba6                vListInsert
 .text.uxListRemove
                0x0000000008005bd4       0x20 Middlewares/Third_Party/FreeRTOS/Source/list.o
                0x0000000008005bd4                uxListRemove
 .text.prvTaskExitError
                0x0000000008005bf4       0x38 Middlewares/Third_Party/FreeRTOS/Source/portable/GCC/ARM_CM7/r0p1/port.o
 .text.prvPortStartFirstTask
                0x0000000008005c2c       0x20 Middlewares/Third_Party/FreeRTOS/Source/portable/GCC/ARM_CM7/r0p1/port.o
 .text.vPortEnableVFP
                0x0000000008005c4c       0x14 Middlewares/Third_Party/FreeRTOS/Source/portable/GCC/ARM_CM7/r0p1/port.o
 .text.pxPortInitialiseStack
                0x0000000008005c60       0x24 Middlewares/Third_Party/FreeRTOS/Source/portable/GCC/ARM_CM7/r0p1/port.o
                0x0000000008005c60                pxPortInitialiseStack
 *fill*         0x0000000008005c84        0xc 
 .text.SVC_Handler
                0x0000000008005c90       0x24 Middlewares/Third_Party/FreeRTOS/Source/portable/GCC/ARM_CM7/r0p1/port.o
                0x0000000008005c90                SVC_Handler
 .text.vPortEnterCritical
                0x0000000008005cb4       0x4c Middlewares/Third_Party/FreeRTOS/Source/portable/GCC/ARM_CM7/r0p1/port.o
                0x0000000008005cb4                vPortEnterCritical
 .text.vPortExitCritical
                0x0000000008005d00       0x2c Middlewares/Third_Party/FreeRTOS/Source/portable/GCC/ARM_CM7/r0p1/port.o
                0x0000000008005d00                vPortExitCritical
 *fill*         0x0000000008005d2c        0x4 
 .text.PendSV_Handler
                0x0000000008005d30       0x64 Middlewares/Third_Party/FreeRTOS/Source/portable/GCC/ARM_CM7/r0p1/port.o
                0x0000000008005d30                PendSV_Handler
 .text.xPortSysTickHandler
                0x0000000008005d94       0x30 Middlewares/Third_Party/FreeRTOS/Source/portable/GCC/ARM_CM7/r0p1/port.o
                0x0000000008005d94                xPortSysTickHandler
 .text.vPortSetupTimerInterrupt
                0x0000000008005dc4       0x28 Middlewares/Third_Party/FreeRTOS/Source/portable/GCC/ARM_CM7/r0p1/port.o
                0x0000000008005dc4                vPortSetupTimerInterrupt
 .text.xPortStartScheduler
                0x0000000008005dec       0xa8 Middlewares/Third_Party/FreeRTOS/Source/portable/GCC/ARM_CM7/r0p1/port.o
                0x0000000008005dec                xPortStartScheduler
 .text.vPortValidateInterruptPriority
                0x0000000008005e94       0x64 Middlewares/Third_Party/FreeRTOS/Source/portable/GCC/ARM_CM7/r0p1/port.o
                0x0000000008005e94                vPortValidateInterruptPriority
 .text.unlikely.prvInsertBlockIntoFreeList
                0x0000000008005ef8       0x48 Middlewares/Third_Party/FreeRTOS/Source/portable/MemMang/heap_4.o
 .text.pvPortMalloc
                0x0000000008005f40      0x128 Middlewares/Third_Party/FreeRTOS/Source/portable/MemMang/heap_4.o
                0x0000000008005f40                pvPortMalloc
 .text.vPortFree
                0x0000000008006068       0x78 Middlewares/Third_Party/FreeRTOS/Source/portable/MemMang/heap_4.o
                0x0000000008006068                vPortFree
 .text.unlikely.prvCopyDataToQueue
                0x00000000080060e0       0x66 Middlewares/Third_Party/FreeRTOS/Source/queue.o
 .text.unlikely.prvCopyDataFromQueue
                0x0000000008006146       0x2a Middlewares/Third_Party/FreeRTOS/Source/queue.o
 .text.prvUnlockQueue
                0x0000000008006170       0x70 Middlewares/Third_Party/FreeRTOS/Source/queue.o
 .text.xQueueGenericReset
                0x00000000080061e0       0x84 Middlewares/Third_Party/FreeRTOS/Source/queue.o
                0x00000000080061e0                xQueueGenericReset
 .text.xQueueGenericCreate
                0x0000000008006264       0x46 Middlewares/Third_Party/FreeRTOS/Source/queue.o
                0x0000000008006264                xQueueGenericCreate
 .text.xQueueCreateCountingSemaphore
                0x00000000080062aa       0x44 Middlewares/Third_Party/FreeRTOS/Source/queue.o
                0x00000000080062aa                xQueueCreateCountingSemaphore
 *fill*         0x00000000080062ee        0x2 
 .text.xQueueGenericSend
                0x00000000080062f0      0x17c Middlewares/Third_Party/FreeRTOS/Source/queue.o
                0x00000000080062f0                xQueueGenericSend
 .text.xQueueCreateMutex
                0x000000000800646c       0x24 Middlewares/Third_Party/FreeRTOS/Source/queue.o
                0x000000000800646c                xQueueCreateMutex
 .text.xQueueGenericSendFromISR
                0x0000000008006490       0xd4 Middlewares/Third_Party/FreeRTOS/Source/queue.o
                0x0000000008006490                xQueueGenericSendFromISR
 .text.xQueueGiveFromISR
                0x0000000008006564       0xba Middlewares/Third_Party/FreeRTOS/Source/queue.o
                0x0000000008006564                xQueueGiveFromISR
 *fill*         0x000000000800661e        0x2 
 .text.xQueueGenericReceive
                0x0000000008006620      0x194 Middlewares/Third_Party/FreeRTOS/Source/queue.o
                0x0000000008006620                xQueueGenericReceive
 .text.xQueueReceiveFromISR
                0x00000000080067b4       0xac Middlewares/Third_Party/FreeRTOS/Source/queue.o
                0x00000000080067b4                xQueueReceiveFromISR
 .text.uxQueueMessagesWaiting
                0x0000000008006860       0x2a Middlewares/Third_Party/FreeRTOS/Source/queue.o
                0x0000000008006860                uxQueueMessagesWaiting
 .text.uxQueueMessagesWaitingFromISR
                0x000000000800688a       0x1c Middlewares/Third_Party/FreeRTOS/Source/queue.o
                0x000000000800688a                uxQueueMessagesWaitingFromISR
 *fill*         0x00000000080068a6        0x2 
 .text.vQueueUnregisterQueue
                0x00000000080068a8       0x28 Middlewares/Third_Party/FreeRTOS/Source/queue.o
                0x00000000080068a8                vQueueUnregisterQueue
 .text.vQueueDelete
                0x00000000080068d0       0x2a Middlewares/Third_Party/FreeRTOS/Source/queue.o
                0x00000000080068d0                vQueueDelete
 *fill*         0x00000000080068fa        0x2 
 .text.prvResetNextTaskUnblockTime
                0x00000000080068fc       0x24 Middlewares/Third_Party/FreeRTOS/Source/tasks.o
 .text.prvAddCurrentTaskToDelayedList
                0x0000000008006920       0x8c Middlewares/Third_Party/FreeRTOS/Source/tasks.o
 .text.vTaskSetTimeOutState.part.4
                0x00000000080069ac       0x16 Middlewares/Third_Party/FreeRTOS/Source/tasks.o
 *fill*         0x00000000080069c2        0x2 
 .text.xTaskCreate
                0x00000000080069c4      0x1b0 Middlewares/Third_Party/FreeRTOS/Source/tasks.o
                0x00000000080069c4                xTaskCreate
 .text.vTaskStartScheduler
                0x0000000008006b74       0x80 Middlewares/Third_Party/FreeRTOS/Source/tasks.o
                0x0000000008006b74                vTaskStartScheduler
 .text.vTaskSuspendAll
                0x0000000008006bf4       0x10 Middlewares/Third_Party/FreeRTOS/Source/tasks.o
                0x0000000008006bf4                vTaskSuspendAll
 .text.xTaskGetTickCount
                0x0000000008006c04        0xc Middlewares/Third_Party/FreeRTOS/Source/tasks.o
                0x0000000008006c04                xTaskGetTickCount
 .text.xTaskGetTickCountFromISR
                0x0000000008006c10       0x10 Middlewares/Third_Party/FreeRTOS/Source/tasks.o
                0x0000000008006c10                xTaskGetTickCountFromISR
 .text.xTaskIncrementTick
                0x0000000008006c20      0x128 Middlewares/Third_Party/FreeRTOS/Source/tasks.o
                0x0000000008006c20                xTaskIncrementTick
 .text.xTaskResumeAll
                0x0000000008006d48       0xf4 Middlewares/Third_Party/FreeRTOS/Source/tasks.o
                0x0000000008006d48                xTaskResumeAll
 .text.vTaskDelay
                0x0000000008006e3c       0x4c Middlewares/Third_Party/FreeRTOS/Source/tasks.o
                0x0000000008006e3c                vTaskDelay
 .text.prvIdleTask
                0x0000000008006e88       0x78 Middlewares/Third_Party/FreeRTOS/Source/tasks.o
 .text.vTaskSwitchContext
                0x0000000008006f00       0xa8 Middlewares/Third_Party/FreeRTOS/Source/tasks.o
                0x0000000008006f00                vTaskSwitchContext
 .text.vTaskPlaceOnEventList
                0x0000000008006fa8       0x38 Middlewares/Third_Party/FreeRTOS/Source/tasks.o
                0x0000000008006fa8                vTaskPlaceOnEventList
 .text.xTaskRemoveFromEventList
                0x0000000008006fe0       0x88 Middlewares/Third_Party/FreeRTOS/Source/tasks.o
                0x0000000008006fe0                xTaskRemoveFromEventList
 .text.vTaskSetTimeOutState
                0x0000000008007068       0x20 Middlewares/Third_Party/FreeRTOS/Source/tasks.o
                0x0000000008007068                vTaskSetTimeOutState
 .text.xTaskCheckForTimeOut
                0x0000000008007088       0x7c Middlewares/Third_Party/FreeRTOS/Source/tasks.o
                0x0000000008007088                xTaskCheckForTimeOut
 .text.vTaskMissedYield
                0x0000000008007104        0xc Middlewares/Third_Party/FreeRTOS/Source/tasks.o
                0x0000000008007104                vTaskMissedYield
 .text.xTaskGetSchedulerState
                0x0000000008007110       0x20 Middlewares/Third_Party/FreeRTOS/Source/tasks.o
                0x0000000008007110                xTaskGetSchedulerState
 .text.vTaskPriorityInherit
                0x0000000008007130       0x8c Middlewares/Third_Party/FreeRTOS/Source/tasks.o
                0x0000000008007130                vTaskPriorityInherit
 .text.xTaskPriorityDisinherit
                0x00000000080071bc       0xa8 Middlewares/Third_Party/FreeRTOS/Source/tasks.o
                0x00000000080071bc                xTaskPriorityDisinherit
 .text.pvTaskIncrementMutexHeldCount
                0x0000000008007264       0x18 Middlewares/Third_Party/FreeRTOS/Source/tasks.o
                0x0000000008007264                pvTaskIncrementMutexHeldCount
 .text.netconn_apimsg
                0x000000000800727c       0x14 Middlewares/Third_Party/LwIP/src/api/api_lib.o
 .text.netconn_close_shutdown
                0x0000000008007290       0x44 Middlewares/Third_Party/LwIP/src/api/api_lib.o
 .text.netconn_recv_data
                0x00000000080072d4      0x124 Middlewares/Third_Party/LwIP/src/api/api_lib.o
 .text.netconn_new_with_proto_and_callback
                0x00000000080073f8       0xb4 Middlewares/Third_Party/LwIP/src/api/api_lib.o
                0x00000000080073f8                netconn_new_with_proto_and_callback
 .text.netconn_delete
                0x00000000080074ac       0x30 Middlewares/Third_Party/LwIP/src/api/api_lib.o
                0x00000000080074ac                netconn_delete
 .text.netconn_bind
                0x00000000080074dc       0x48 Middlewares/Third_Party/LwIP/src/api/api_lib.o
                0x00000000080074dc                netconn_bind
 .text.netconn_listen_with_backlog
                0x0000000008007524       0x3c Middlewares/Third_Party/LwIP/src/api/api_lib.o
                0x0000000008007524                netconn_listen_with_backlog
 .text.netconn_accept
                0x0000000008007560       0xa0 Middlewares/Third_Party/LwIP/src/api/api_lib.o
                0x0000000008007560                netconn_accept
 .text.netconn_recv
                0x0000000008007600       0xa0 Middlewares/Third_Party/LwIP/src/api/api_lib.o
                0x0000000008007600                netconn_recv
 .text.netconn_write_partly
                0x00000000080076a0       0x94 Middlewares/Third_Party/LwIP/src/api/api_lib.o
                0x00000000080076a0                netconn_write_partly
 .text.netconn_close
                0x0000000008007734        0x6 Middlewares/Third_Party/LwIP/src/api/api_lib.o
                0x0000000008007734                netconn_close
 *fill*         0x000000000800773a        0x2 
 .text.recv_udp
                0x000000000800773c       0xb0 Middlewares/Third_Party/LwIP/src/api/api_msg.o
 .text.setup_tcp
                0x00000000080077ec       0x44 Middlewares/Third_Party/LwIP/src/api/api_msg.o
 .text.err_tcp  0x0000000008007830      0x128 Middlewares/Third_Party/LwIP/src/api/api_msg.o
 .text.lwip_netconn_do_writemore
                0x0000000008007958      0x1fc Middlewares/Third_Party/LwIP/src/api/api_msg.o
 .text.lwip_netconn_do_close_internal
                0x0000000008007b54      0x1fc Middlewares/Third_Party/LwIP/src/api/api_msg.o
 .text.poll_tcp
                0x0000000008007d50       0x78 Middlewares/Third_Party/LwIP/src/api/api_msg.o
 .text.recv_tcp
                0x0000000008007dc8       0xc4 Middlewares/Third_Party/LwIP/src/api/api_msg.o
 .text.sent_tcp
                0x0000000008007e8c       0x6c Middlewares/Third_Party/LwIP/src/api/api_msg.o
 .text.lwip_netconn_do_newconn
                0x0000000008007ef8       0x80 Middlewares/Third_Party/LwIP/src/api/api_msg.o
                0x0000000008007ef8                lwip_netconn_do_newconn
 .text.netconn_alloc
                0x0000000008007f78       0x8c Middlewares/Third_Party/LwIP/src/api/api_msg.o
                0x0000000008007f78                netconn_alloc
 .text.netconn_free
                0x0000000008008004       0x78 Middlewares/Third_Party/LwIP/src/api/api_msg.o
                0x0000000008008004                netconn_free
 .text.netconn_drain
                0x000000000800807c       0xa0 Middlewares/Third_Party/LwIP/src/api/api_msg.o
 .text.accept_function
                0x000000000800811c       0xdc Middlewares/Third_Party/LwIP/src/api/api_msg.o
 .text.lwip_netconn_do_delconn
                0x00000000080081f8      0x130 Middlewares/Third_Party/LwIP/src/api/api_msg.o
                0x00000000080081f8                lwip_netconn_do_delconn
 .text.lwip_netconn_do_bind
                0x0000000008008328       0x60 Middlewares/Third_Party/LwIP/src/api/api_msg.o
                0x0000000008008328                lwip_netconn_do_bind
 .text.lwip_netconn_do_listen
                0x0000000008008388       0xdc Middlewares/Third_Party/LwIP/src/api/api_msg.o
                0x0000000008008388                lwip_netconn_do_listen
 .text.lwip_netconn_do_recv
                0x0000000008008464       0x56 Middlewares/Third_Party/LwIP/src/api/api_msg.o
                0x0000000008008464                lwip_netconn_do_recv
 *fill*         0x00000000080084ba        0x2 
 .text.lwip_netconn_do_write
                0x00000000080084bc       0xe8 Middlewares/Third_Party/LwIP/src/api/api_msg.o
                0x00000000080084bc                lwip_netconn_do_write
 .text.lwip_netconn_do_close
                0x00000000080085a4       0xd4 Middlewares/Third_Party/LwIP/src/api/api_msg.o
                0x00000000080085a4                lwip_netconn_do_close
 .text.netbuf_delete
                0x0000000008008678       0x22 Middlewares/Third_Party/LwIP/src/api/netbuf.o
                0x0000000008008678                netbuf_delete
 *fill*         0x000000000800869a        0x2 
 .text.netbuf_data
                0x000000000800869c       0x58 Middlewares/Third_Party/LwIP/src/api/netbuf.o
                0x000000000800869c                netbuf_data
 .text.netbuf_next
                0x00000000080086f4       0x38 Middlewares/Third_Party/LwIP/src/api/netbuf.o
                0x00000000080086f4                netbuf_next
 .text.tcpip_thread
                0x000000000800872c       0x94 Middlewares/Third_Party/LwIP/src/api/tcpip.o
 .text.tcpip_inpkt
                0x00000000080087c0       0x58 Middlewares/Third_Party/LwIP/src/api/tcpip.o
                0x00000000080087c0                tcpip_inpkt
 .text.tcpip_input
                0x0000000008008818       0x1c Middlewares/Third_Party/LwIP/src/api/tcpip.o
                0x0000000008008818                tcpip_input
 .text.tcpip_callback_with_block
                0x0000000008008834       0x60 Middlewares/Third_Party/LwIP/src/api/tcpip.o
                0x0000000008008834                tcpip_callback_with_block
 .text.tcpip_send_msg_wait_sem
                0x0000000008008894       0x20 Middlewares/Third_Party/LwIP/src/api/tcpip.o
                0x0000000008008894                tcpip_send_msg_wait_sem
 .text.tcpip_init
                0x00000000080088b4       0x80 Middlewares/Third_Party/LwIP/src/api/tcpip.o
                0x00000000080088b4                tcpip_init
 .text.lwip_htons
                0x0000000008008934        0x6 Middlewares/Third_Party/LwIP/src/core/def.o
                0x0000000008008934                lwip_htons
 .text.lwip_htonl
                0x000000000800893a        0x4 Middlewares/Third_Party/LwIP/src/core/def.o
                0x000000000800893a                lwip_htonl
 .text.lwip_init
                0x000000000800893e       0x22 Middlewares/Third_Party/LwIP/src/core/init.o
                0x000000000800893e                lwip_init
 .text.dhcp_set_state
                0x0000000008008960       0x10 Middlewares/Third_Party/LwIP/src/core/ipv4/dhcp.o
 .text.dhcp_option_short
                0x0000000008008970       0x44 Middlewares/Third_Party/LwIP/src/core/ipv4/dhcp.o
 .text.dhcp_option
                0x00000000080089b4       0x48 Middlewares/Third_Party/LwIP/src/core/ipv4/dhcp.o
 .text.dhcp_option_byte
                0x00000000080089fc       0x38 Middlewares/Third_Party/LwIP/src/core/ipv4/dhcp.o
 .text.dhcp_option_long
                0x0000000008008a34       0x5c Middlewares/Third_Party/LwIP/src/core/ipv4/dhcp.o
 .text.dhcp_create_msg
                0x0000000008008a90      0x1b8 Middlewares/Third_Party/LwIP/src/core/ipv4/dhcp.o
 .text.dhcp_check
                0x0000000008008c48       0x2a Middlewares/Third_Party/LwIP/src/core/ipv4/dhcp.o
 *fill*         0x0000000008008c72        0x2 
 .text.dhcp_bind
                0x0000000008008c74      0x100 Middlewares/Third_Party/LwIP/src/core/ipv4/dhcp.o
 .text.dhcp_option_trailer
                0x0000000008008d74       0x78 Middlewares/Third_Party/LwIP/src/core/ipv4/dhcp.o
 .text.dhcp_delete_msg
                0x0000000008008dec       0x60 Middlewares/Third_Party/LwIP/src/core/ipv4/dhcp.o
 .text.dhcp_discover
                0x0000000008008e4c       0xbc Middlewares/Third_Party/LwIP/src/core/ipv4/dhcp.o
 .text.dhcp_select
                0x0000000008008f08       0xe8 Middlewares/Third_Party/LwIP/src/core/ipv4/dhcp.o
 .text.dhcp_reboot
                0x0000000008008ff0       0xd4 Middlewares/Third_Party/LwIP/src/core/ipv4/dhcp.o
 .text.dhcp_arp_reply
                0x00000000080090c4       0xb0 Middlewares/Third_Party/LwIP/src/core/ipv4/dhcp.o
                0x00000000080090c4                dhcp_arp_reply
 .text.dhcp_renew
                0x0000000008009174       0xb4 Middlewares/Third_Party/LwIP/src/core/ipv4/dhcp.o
                0x0000000008009174                dhcp_renew
 .text.dhcp_supplied_address
                0x0000000008009228       0x1c Middlewares/Third_Party/LwIP/src/core/ipv4/dhcp.o
                0x0000000008009228                dhcp_supplied_address
 .text.dhcp_release
                0x0000000008009244       0xac Middlewares/Third_Party/LwIP/src/core/ipv4/dhcp.o
                0x0000000008009244                dhcp_release
 .text.dhcp_coarse_tmr
                0x00000000080092f0      0x154 Middlewares/Third_Party/LwIP/src/core/ipv4/dhcp.o
                0x00000000080092f0                dhcp_coarse_tmr
 .text.dhcp_fine_tmr
                0x0000000008009444       0x7c Middlewares/Third_Party/LwIP/src/core/ipv4/dhcp.o
                0x0000000008009444                dhcp_fine_tmr
 .text.etharp_free_entry
                0x00000000080094c0       0x28 Middlewares/Third_Party/LwIP/src/core/ipv4/etharp.o
 .text.etharp_raw
                0x00000000080094e8       0xd8 Middlewares/Third_Party/LwIP/src/core/ipv4/etharp.o
 .text.etharp_find_entry.isra.0
                0x00000000080095c0      0x114 Middlewares/Third_Party/LwIP/src/core/ipv4/etharp.o
 .text.etharp_cleanup_netif
                0x00000000080096d4       0x28 Middlewares/Third_Party/LwIP/src/core/ipv4/etharp.o
                0x00000000080096d4                etharp_cleanup_netif
 .text.etharp_input
                0x00000000080096fc      0x14c Middlewares/Third_Party/LwIP/src/core/ipv4/etharp.o
                0x00000000080096fc                etharp_input
 .text.etharp_request
                0x0000000008009848       0x2c Middlewares/Third_Party/LwIP/src/core/ipv4/etharp.o
                0x0000000008009848                etharp_request
 .text.etharp_tmr
                0x0000000008009874       0x54 Middlewares/Third_Party/LwIP/src/core/ipv4/etharp.o
                0x0000000008009874                etharp_tmr
 .text.etharp_output_to_arp_index
                0x00000000080098c8       0xb8 Middlewares/Third_Party/LwIP/src/core/ipv4/etharp.o
 .text.etharp_query
                0x0000000008009980      0x150 Middlewares/Third_Party/LwIP/src/core/ipv4/etharp.o
                0x0000000008009980                etharp_query
 .text.etharp_output
                0x0000000008009ad0      0x128 Middlewares/Third_Party/LwIP/src/core/ipv4/etharp.o
                0x0000000008009ad0                etharp_output
 .text.icmp_send_response.isra.0
                0x0000000008009bf8       0x94 Middlewares/Third_Party/LwIP/src/core/ipv4/icmp.o
 .text.icmp_input
                0x0000000008009c8c      0x130 Middlewares/Third_Party/LwIP/src/core/ipv4/icmp.o
                0x0000000008009c8c                icmp_input
 .text.icmp_dest_unreach
                0x0000000008009dbc        0xa Middlewares/Third_Party/LwIP/src/core/ipv4/icmp.o
                0x0000000008009dbc                icmp_dest_unreach
 .text.icmp_time_exceeded
                0x0000000008009dc6        0xa Middlewares/Third_Party/LwIP/src/core/ipv4/icmp.o
                0x0000000008009dc6                icmp_time_exceeded
 .text.ip4_route
                0x0000000008009dd0       0x58 Middlewares/Third_Party/LwIP/src/core/ipv4/ip4.o
                0x0000000008009dd0                ip4_route
 .text.ip4_input
                0x0000000008009e28      0x19c Middlewares/Third_Party/LwIP/src/core/ipv4/ip4.o
                0x0000000008009e28                ip4_input
 .text.ip4_output_if_src
                0x0000000008009fc4       0xf0 Middlewares/Third_Party/LwIP/src/core/ipv4/ip4.o
                0x0000000008009fc4                ip4_output_if_src
 .text.ip4_output_if
                0x000000000800a0b4       0x22 Middlewares/Third_Party/LwIP/src/core/ipv4/ip4.o
                0x000000000800a0b4                ip4_output_if
 .text.ip4_addr_isbroadcast_u32
                0x000000000800a0d6       0x32 Middlewares/Third_Party/LwIP/src/core/ipv4/ip4_addr.o
                0x000000000800a0d6                ip4_addr_isbroadcast_u32
 .text.ip_reass_dequeue_datagram
                0x000000000800a108       0x44 Middlewares/Third_Party/LwIP/src/core/ipv4/ip4_frag.o
 .text.ip_reass_free_complete_datagram
                0x000000000800a14c       0xe8 Middlewares/Third_Party/LwIP/src/core/ipv4/ip4_frag.o
 .text.ip_reass_remove_oldest_datagram
                0x000000000800a234       0x78 Middlewares/Third_Party/LwIP/src/core/ipv4/ip4_frag.o
 .text.ip_frag_free_pbuf_custom_ref
                0x000000000800a2ac       0x2c Middlewares/Third_Party/LwIP/src/core/ipv4/ip4_frag.o
 .text.ipfrag_free_pbuf_custom
                0x000000000800a2d8       0x34 Middlewares/Third_Party/LwIP/src/core/ipv4/ip4_frag.o
 .text.ip_reass_tmr
                0x000000000800a30c       0x28 Middlewares/Third_Party/LwIP/src/core/ipv4/ip4_frag.o
                0x000000000800a30c                ip_reass_tmr
 .text.ip4_reass
                0x000000000800a334      0x354 Middlewares/Third_Party/LwIP/src/core/ipv4/ip4_frag.o
                0x000000000800a334                ip4_reass
 .text.ip4_frag
                0x000000000800a688      0x1b4 Middlewares/Third_Party/LwIP/src/core/ipv4/ip4_frag.o
                0x000000000800a688                ip4_frag
 .text.mem_init
                0x000000000800a83c       0x6c Middlewares/Third_Party/LwIP/src/core/mem.o
                0x000000000800a83c                mem_init
 .text.mem_free
                0x000000000800a8a8      0x174 Middlewares/Third_Party/LwIP/src/core/mem.o
                0x000000000800a8a8                mem_free
 .text.mem_trim
                0x000000000800aa1c      0x118 Middlewares/Third_Party/LwIP/src/core/mem.o
                0x000000000800aa1c                mem_trim
 .text.mem_malloc
                0x000000000800ab34      0x13c Middlewares/Third_Party/LwIP/src/core/mem.o
                0x000000000800ab34                mem_malloc
 .text.do_memp_malloc_pool.isra.0
                0x000000000800ac70       0x3c Middlewares/Third_Party/LwIP/src/core/memp.o
 .text.do_memp_free_pool.isra.1
                0x000000000800acac       0x38 Middlewares/Third_Party/LwIP/src/core/memp.o
 .text.memp_init_pool
                0x000000000800ace4       0x26 Middlewares/Third_Party/LwIP/src/core/memp.o
                0x000000000800ace4                memp_init_pool
 *fill*         0x000000000800ad0a        0x2 
 .text.memp_init
                0x000000000800ad0c       0x1c Middlewares/Third_Party/LwIP/src/core/memp.o
                0x000000000800ad0c                memp_init
 .text.memp_malloc
                0x000000000800ad28       0x38 Middlewares/Third_Party/LwIP/src/core/memp.o
                0x000000000800ad28                memp_malloc
 .text.memp_free
                0x000000000800ad60       0x34 Middlewares/Third_Party/LwIP/src/core/memp.o
                0x000000000800ad60                memp_free
 .text.netif_issue_reports.part.0
                0x000000000800ad94       0x12 Middlewares/Third_Party/LwIP/src/core/netif.o
 .text.netif_init
                0x000000000800ada6        0x2 Middlewares/Third_Party/LwIP/src/core/netif.o
                0x000000000800ada6                netif_init
 .text.netif_set_ipaddr
                0x000000000800ada8       0x44 Middlewares/Third_Party/LwIP/src/core/netif.o
                0x000000000800ada8                netif_set_ipaddr
 .text.netif_set_addr
                0x000000000800adec       0x38 Middlewares/Third_Party/LwIP/src/core/netif.o
                0x000000000800adec                netif_set_addr
 .text.netif_add
                0x000000000800ae24       0x7c Middlewares/Third_Party/LwIP/src/core/netif.o
                0x000000000800ae24                netif_add
 .text.netif_set_default
                0x000000000800aea0        0xc Middlewares/Third_Party/LwIP/src/core/netif.o
                0x000000000800aea0                netif_set_default
 .text.netif_set_up
                0x000000000800aeac       0x1e Middlewares/Third_Party/LwIP/src/core/netif.o
                0x000000000800aeac                netif_set_up
 .text.netif_set_down
                0x000000000800aeca       0x1a Middlewares/Third_Party/LwIP/src/core/netif.o
                0x000000000800aeca                netif_set_down
 .text.pbuf_free_ooseq_callback
                0x000000000800aee4       0x34 Middlewares/Third_Party/LwIP/src/core/pbuf.o
 .text.pbuf_header_impl
                0x000000000800af18       0x9c Middlewares/Third_Party/LwIP/src/core/pbuf.o
 .text.pbuf_pool_is_empty
                0x000000000800afb4       0x3c Middlewares/Third_Party/LwIP/src/core/pbuf.o
 .text.pbuf_alloced_custom
                0x000000000800aff0       0x70 Middlewares/Third_Party/LwIP/src/core/pbuf.o
                0x000000000800aff0                pbuf_alloced_custom
 .text.pbuf_header
                0x000000000800b060        0x6 Middlewares/Third_Party/LwIP/src/core/pbuf.o
                0x000000000800b060                pbuf_header
 .text.pbuf_header_force
                0x000000000800b066        0x6 Middlewares/Third_Party/LwIP/src/core/pbuf.o
                0x000000000800b066                pbuf_header_force
 .text.pbuf_free
                0x000000000800b06c       0xd4 Middlewares/Third_Party/LwIP/src/core/pbuf.o
                0x000000000800b06c                pbuf_free
 .text.pbuf_alloc
                0x000000000800b140      0x1b8 Middlewares/Third_Party/LwIP/src/core/pbuf.o
                0x000000000800b140                pbuf_alloc
 .text.pbuf_realloc
                0x000000000800b2f8       0xe0 Middlewares/Third_Party/LwIP/src/core/pbuf.o
                0x000000000800b2f8                pbuf_realloc
 .text.pbuf_clen
                0x000000000800b3d8       0x10 Middlewares/Third_Party/LwIP/src/core/pbuf.o
                0x000000000800b3d8                pbuf_clen
 .text.pbuf_ref
                0x000000000800b3e8       0x38 Middlewares/Third_Party/LwIP/src/core/pbuf.o
                0x000000000800b3e8                pbuf_ref
 .text.pbuf_cat
                0x000000000800b420       0x74 Middlewares/Third_Party/LwIP/src/core/pbuf.o
                0x000000000800b420                pbuf_cat
 .text.pbuf_chain
                0x000000000800b494       0x12 Middlewares/Third_Party/LwIP/src/core/pbuf.o
                0x000000000800b494                pbuf_chain
 *fill*         0x000000000800b4a6        0x2 
 .text.pbuf_copy
                0x000000000800b4a8      0x114 Middlewares/Third_Party/LwIP/src/core/pbuf.o
                0x000000000800b4a8                pbuf_copy
 .text.pbuf_copy_partial
                0x000000000800b5bc       0x8c Middlewares/Third_Party/LwIP/src/core/pbuf.o
                0x000000000800b5bc                pbuf_copy_partial
 .text.tcp_new_port
                0x000000000800b648       0x54 Middlewares/Third_Party/LwIP/src/core/tcp.o
 .text.tcp_close_shutdown_fin
                0x000000000800b69c       0x60 Middlewares/Third_Party/LwIP/src/core/tcp.o
 .text.tcp_init
                0x000000000800b6fc        0x2 Middlewares/Third_Party/LwIP/src/core/tcp.o
                0x000000000800b6fc                tcp_init
 *fill*         0x000000000800b6fe        0x2 
 .text.tcp_bind
                0x000000000800b700       0x94 Middlewares/Third_Party/LwIP/src/core/tcp.o
                0x000000000800b700                tcp_bind
 .text.tcp_listen_with_backlog_and_err
                0x000000000800b794       0xb0 Middlewares/Third_Party/LwIP/src/core/tcp.o
                0x000000000800b794                tcp_listen_with_backlog_and_err
 .text.tcp_update_rcv_ann_wnd
                0x000000000800b844       0x58 Middlewares/Third_Party/LwIP/src/core/tcp.o
                0x000000000800b844                tcp_update_rcv_ann_wnd
 .text.tcp_recved
                0x000000000800b89c       0x7c Middlewares/Third_Party/LwIP/src/core/tcp.o
                0x000000000800b89c                tcp_recved
 .text.tcp_seg_free
                0x000000000800b918       0x1c Middlewares/Third_Party/LwIP/src/core/tcp.o
                0x000000000800b918                tcp_seg_free
 .text.tcp_segs_free
                0x000000000800b934       0x10 Middlewares/Third_Party/LwIP/src/core/tcp.o
                0x000000000800b934                tcp_segs_free
 .text.tcp_seg_copy
                0x000000000800b944       0x2c Middlewares/Third_Party/LwIP/src/core/tcp.o
                0x000000000800b944                tcp_seg_copy
 .text.tcp_arg  0x000000000800b970        0x6 Middlewares/Third_Party/LwIP/src/core/tcp.o
                0x000000000800b970                tcp_arg
 *fill*         0x000000000800b976        0x2 
 .text.tcp_recv
                0x000000000800b978       0x30 Middlewares/Third_Party/LwIP/src/core/tcp.o
                0x000000000800b978                tcp_recv
 .text.tcp_sent
                0x000000000800b9a8       0x2c Middlewares/Third_Party/LwIP/src/core/tcp.o
                0x000000000800b9a8                tcp_sent
 .text.tcp_err  0x000000000800b9d4       0x30 Middlewares/Third_Party/LwIP/src/core/tcp.o
                0x000000000800b9d4                tcp_err
 .text.tcp_accept
                0x000000000800ba04        0xc Middlewares/Third_Party/LwIP/src/core/tcp.o
                0x000000000800ba04                tcp_accept
 .text.tcp_poll
                0x000000000800ba10       0x30 Middlewares/Third_Party/LwIP/src/core/tcp.o
                0x000000000800ba10                tcp_poll
 .text.tcp_pcb_purge
                0x000000000800ba40       0x40 Middlewares/Third_Party/LwIP/src/core/tcp.o
                0x000000000800ba40                tcp_pcb_purge
 .text.tcp_slowtmr
                0x000000000800ba80      0x3c4 Middlewares/Third_Party/LwIP/src/core/tcp.o
                0x000000000800ba80                tcp_slowtmr
 .text.tcp_pcb_remove
                0x000000000800be44       0xa0 Middlewares/Third_Party/LwIP/src/core/tcp.o
                0x000000000800be44                tcp_pcb_remove
 .text.tcp_close_shutdown
                0x000000000800bee4      0x14c Middlewares/Third_Party/LwIP/src/core/tcp.o
 .text.tcp_close
                0x000000000800c030       0x14 Middlewares/Third_Party/LwIP/src/core/tcp.o
                0x000000000800c030                tcp_close
 .text.tcp_recv_null
                0x000000000800c044       0x24 Middlewares/Third_Party/LwIP/src/core/tcp.o
                0x000000000800c044                tcp_recv_null
 .text.tcp_process_refused_data
                0x000000000800c068       0x66 Middlewares/Third_Party/LwIP/src/core/tcp.o
                0x000000000800c068                tcp_process_refused_data
 *fill*         0x000000000800c0ce        0x2 
 .text.tcp_fasttmr
                0x000000000800c0d0       0x80 Middlewares/Third_Party/LwIP/src/core/tcp.o
                0x000000000800c0d0                tcp_fasttmr
 .text.tcp_tmr  0x000000000800c150       0x24 Middlewares/Third_Party/LwIP/src/core/tcp.o
                0x000000000800c150                tcp_tmr
 .text.tcp_shutdown
                0x000000000800c174       0x4a Middlewares/Third_Party/LwIP/src/core/tcp.o
                0x000000000800c174                tcp_shutdown
 *fill*         0x000000000800c1be        0x2 
 .text.tcp_abandon
                0x000000000800c1c0       0xec Middlewares/Third_Party/LwIP/src/core/tcp.o
                0x000000000800c1c0                tcp_abandon
 .text.tcp_abort
                0x000000000800c2ac        0x6 Middlewares/Third_Party/LwIP/src/core/tcp.o
                0x000000000800c2ac                tcp_abort
 .text.tcp_accept_null
                0x000000000800c2b2        0xe Middlewares/Third_Party/LwIP/src/core/tcp.o
 .text.tcp_netif_ip_addr_changed_pcblist
                0x000000000800c2c0       0x1c Middlewares/Third_Party/LwIP/src/core/tcp.o
 .text.tcp_kill_state
                0x000000000800c2dc       0x60 Middlewares/Third_Party/LwIP/src/core/tcp.o
 .text.tcp_alloc
                0x000000000800c33c      0x110 Middlewares/Third_Party/LwIP/src/core/tcp.o
                0x000000000800c33c                tcp_alloc
 .text.tcp_new_ip_type
                0x000000000800c44c        0x6 Middlewares/Third_Party/LwIP/src/core/tcp.o
                0x000000000800c44c                tcp_new_ip_type
 *fill*         0x000000000800c452        0x2 
 .text.tcp_next_iss
                0x000000000800c454       0x18 Middlewares/Third_Party/LwIP/src/core/tcp.o
                0x000000000800c454                tcp_next_iss
 .text.tcp_eff_send_mss_impl
                0x000000000800c46c       0x1e Middlewares/Third_Party/LwIP/src/core/tcp.o
                0x000000000800c46c                tcp_eff_send_mss_impl
 *fill*         0x000000000800c48a        0x2 
 .text.tcp_netif_ip_addr_changed
                0x000000000800c48c       0x4c Middlewares/Third_Party/LwIP/src/core/tcp.o
                0x000000000800c48c                tcp_netif_ip_addr_changed
 .text.tcp_oos_insert_segment
                0x000000000800c4d8       0x7c Middlewares/Third_Party/LwIP/src/core/tcp_in.o
 .text.tcp_receive
                0x000000000800c554      0x9a8 Middlewares/Third_Party/LwIP/src/core/tcp_in.o
 .text.tcp_getoptbyte
                0x000000000800cefc       0x40 Middlewares/Third_Party/LwIP/src/core/tcp_in.o
 .text.tcp_parseopt.isra.1.part.2
                0x000000000800cf3c       0x70 Middlewares/Third_Party/LwIP/src/core/tcp_in.o
 .text.tcp_input_delayed_close
                0x000000000800cfac       0x40 Middlewares/Third_Party/LwIP/src/core/tcp_in.o
 .text.tcp_input
                0x000000000800cfec      0x9fc Middlewares/Third_Party/LwIP/src/core/tcp_in.o
                0x000000000800cfec                tcp_input
 .text.tcp_trigger_input_pcb_close
                0x000000000800d9e8       0x10 Middlewares/Third_Party/LwIP/src/core/tcp_in.o
                0x000000000800d9e8                tcp_trigger_input_pcb_close
 .text.tcp_pbuf_prealloc
                0x000000000800d9f8       0x74 Middlewares/Third_Party/LwIP/src/core/tcp_out.o
 .text.tcp_create_segment
                0x000000000800da6c       0xcc Middlewares/Third_Party/LwIP/src/core/tcp_out.o
 .text.tcp_output_alloc_header.constprop.0
                0x000000000800db38       0x78 Middlewares/Third_Party/LwIP/src/core/tcp_out.o
 .text.tcp_write
                0x000000000800dbb0      0x52c Middlewares/Third_Party/LwIP/src/core/tcp_out.o
                0x000000000800dbb0                tcp_write
 .text.tcp_enqueue_flags
                0x000000000800e0dc      0x12c Middlewares/Third_Party/LwIP/src/core/tcp_out.o
                0x000000000800e0dc                tcp_enqueue_flags
 .text.tcp_send_fin
                0x000000000800e208       0x44 Middlewares/Third_Party/LwIP/src/core/tcp_out.o
                0x000000000800e208                tcp_send_fin
 .text.tcp_send_empty_ack
                0x000000000800e24c       0x6a Middlewares/Third_Party/LwIP/src/core/tcp_out.o
                0x000000000800e24c                tcp_send_empty_ack
 *fill*         0x000000000800e2b6        0x2 
 .text.tcp_output
                0x000000000800e2b8      0x2fc Middlewares/Third_Party/LwIP/src/core/tcp_out.o
                0x000000000800e2b8                tcp_output
 .text.tcp_rst  0x000000000800e5b4       0xb4 Middlewares/Third_Party/LwIP/src/core/tcp_out.o
                0x000000000800e5b4                tcp_rst
 .text.tcp_rexmit_rto
                0x000000000800e668       0x38 Middlewares/Third_Party/LwIP/src/core/tcp_out.o
                0x000000000800e668                tcp_rexmit_rto
 .text.tcp_rexmit
                0x000000000800e6a0       0x52 Middlewares/Third_Party/LwIP/src/core/tcp_out.o
                0x000000000800e6a0                tcp_rexmit
 .text.tcp_rexmit_fast
                0x000000000800e6f2       0x4e Middlewares/Third_Party/LwIP/src/core/tcp_out.o
                0x000000000800e6f2                tcp_rexmit_fast
 .text.tcp_keepalive
                0x000000000800e740       0x54 Middlewares/Third_Party/LwIP/src/core/tcp_out.o
                0x000000000800e740                tcp_keepalive
 .text.tcp_zero_window_probe
                0x000000000800e794       0xbe Middlewares/Third_Party/LwIP/src/core/tcp_out.o
                0x000000000800e794                tcp_zero_window_probe
 *fill*         0x000000000800e852        0x2 
 .text.sys_timeout
                0x000000000800e854       0xa4 Middlewares/Third_Party/LwIP/src/core/timeouts.o
                0x000000000800e854                sys_timeout
 .text.tcp_timer_needed
                0x000000000800e8f8       0x34 Middlewares/Third_Party/LwIP/src/core/timeouts.o
                0x000000000800e8f8                tcp_timer_needed
 .text.tcpip_tcp_timer
                0x000000000800e92c       0x38 Middlewares/Third_Party/LwIP/src/core/timeouts.o
 .text.sys_timeouts_init
                0x000000000800e964       0x54 Middlewares/Third_Party/LwIP/src/core/timeouts.o
                0x000000000800e964                sys_timeouts_init
 .text.cyclic_timer
                0x000000000800e9b8       0x1c Middlewares/Third_Party/LwIP/src/core/timeouts.o
 .text.sys_timeouts_mbox_fetch
                0x000000000800e9d4       0xa4 Middlewares/Third_Party/LwIP/src/core/timeouts.o
                0x000000000800e9d4                sys_timeouts_mbox_fetch
 .text.udp_init
                0x000000000800ea78        0x2 Middlewares/Third_Party/LwIP/src/core/udp.o
                0x000000000800ea78                udp_init
 *fill*         0x000000000800ea7a        0x2 
 .text.udp_input
                0x000000000800ea7c      0x130 Middlewares/Third_Party/LwIP/src/core/udp.o
                0x000000000800ea7c                udp_input
 .text.udp_bind
                0x000000000800ebac       0xa8 Middlewares/Third_Party/LwIP/src/core/udp.o
                0x000000000800ebac                udp_bind
 .text.udp_sendto_if_src
                0x000000000800ec54       0xcc Middlewares/Third_Party/LwIP/src/core/udp.o
                0x000000000800ec54                udp_sendto_if_src
 .text.udp_sendto_if
                0x000000000800ed20       0x38 Middlewares/Third_Party/LwIP/src/core/udp.o
                0x000000000800ed20                udp_sendto_if
 .text.udp_recv
                0x000000000800ed58        0x6 Middlewares/Third_Party/LwIP/src/core/udp.o
                0x000000000800ed58                udp_recv
 *fill*         0x000000000800ed5e        0x2 
 .text.udp_remove
                0x000000000800ed60       0x30 Middlewares/Third_Party/LwIP/src/core/udp.o
                0x000000000800ed60                udp_remove
 .text.udp_new  0x000000000800ed90       0x1c Middlewares/Third_Party/LwIP/src/core/udp.o
                0x000000000800ed90                udp_new
 .text.udp_new_ip_type
                0x000000000800edac        0x4 Middlewares/Third_Party/LwIP/src/core/udp.o
                0x000000000800edac                udp_new_ip_type
 .text.udp_netif_ip_addr_changed
                0x000000000800edb0       0x2c Middlewares/Third_Party/LwIP/src/core/udp.o
                0x000000000800edb0                udp_netif_ip_addr_changed
 .text.ethernet_input
                0x000000000800eddc       0x98 Middlewares/Third_Party/LwIP/src/netif/ethernet.o
                0x000000000800eddc                ethernet_input
 .text.ethernet_output
                0x000000000800ee74       0x70 Middlewares/Third_Party/LwIP/src/netif/ethernet.o
                0x000000000800ee74                ethernet_output
 .text.sys_mbox_new
                0x000000000800eee4       0x20 Middlewares/Third_Party/LwIP/system/OS/sys_arch.o
                0x000000000800eee4                sys_mbox_new
 .text.sys_mbox_free
                0x000000000800ef04       0x14 Middlewares/Third_Party/LwIP/system/OS/sys_arch.o
                0x000000000800ef04                sys_mbox_free
 .text.sys_mbox_post
                0x000000000800ef18       0x18 Middlewares/Third_Party/LwIP/system/OS/sys_arch.o
                0x000000000800ef18                sys_mbox_post
 .text.sys_mbox_trypost
                0x000000000800ef30       0x14 Middlewares/Third_Party/LwIP/system/OS/sys_arch.o
                0x000000000800ef30                sys_mbox_trypost
 .text.sys_arch_mbox_fetch
                0x000000000800ef44       0x44 Middlewares/Third_Party/LwIP/system/OS/sys_arch.o
                0x000000000800ef44                sys_arch_mbox_fetch
 .text.sys_arch_mbox_tryfetch
                0x000000000800ef88       0x22 Middlewares/Third_Party/LwIP/system/OS/sys_arch.o
                0x000000000800ef88                sys_arch_mbox_tryfetch
 .text.sys_mbox_valid
                0x000000000800efaa        0xa Middlewares/Third_Party/LwIP/system/OS/sys_arch.o
                0x000000000800efaa                sys_mbox_valid
 .text.sys_mbox_set_invalid
                0x000000000800efb4        0x6 Middlewares/Third_Party/LwIP/system/OS/sys_arch.o
                0x000000000800efb4                sys_mbox_set_invalid
 .text.sys_sem_new
                0x000000000800efba       0x30 Middlewares/Third_Party/LwIP/system/OS/sys_arch.o
                0x000000000800efba                sys_sem_new
 .text.sys_arch_sem_wait
                0x000000000800efea       0x36 Middlewares/Third_Party/LwIP/system/OS/sys_arch.o
                0x000000000800efea                sys_arch_sem_wait
 .text.sys_sem_signal
                0x000000000800f020        0x6 Middlewares/Third_Party/LwIP/system/OS/sys_arch.o
                0x000000000800f020                sys_sem_signal
 .text.sys_sem_free
                0x000000000800f026        0x6 Middlewares/Third_Party/LwIP/system/OS/sys_arch.o
                0x000000000800f026                sys_sem_free
 .text.sys_sem_valid