stm32f7xx_hal_msp.c:59:6:HAL_MspInit	16	static
stm32f7xx_hal_msp.c:91:6:HAL_ADC_MspInit	40	static
stm32f7xx_hal_msp.c:129:6:HAL_ADC_MspDeInit	8	static
stm32f7xx_hal_msp.c:160:6:HAL_CRC_MspInit	8	static
stm32f7xx_hal_msp.c:177:6:HAL_CRC_MspDeInit	0	static
stm32f7xx_hal_msp.c:194:6:HAL_DCMI_MspInit	40	static
stm32f7xx_hal_msp.c:262:6:HAL_DCMI_MspDeInit	8	static
stm32f7xx_hal_msp.c:304:6:HAL_DMA2D_MspInit	16	static
stm32f7xx_hal_msp.c:324:6:HAL_DMA2D_MspDeInit	0	static
stm32f7xx_hal_msp.c:344:6:HAL_I2C_MspInit	40	static
stm32f7xx_hal_msp.c:397:6:HAL_I2C_MspDeInit	0	static
stm32f7xx_hal_msp.c:439:6:HAL_LTDC_MspInit	40	static
stm32f7xx_hal_msp.c:530:6:HAL_LTDC_MspDeInit	8	static
stm32f7xx_hal_msp.c:594:6:HAL_QSPI_MspInit	48	static
stm32f7xx_hal_msp.c:649:6:HAL_QSPI_MspDeInit	8	static
stm32f7xx_hal_msp.c:681:6:HAL_RTC_MspInit	0	static
stm32f7xx_hal_msp.c:698:6:HAL_RTC_MspDeInit	0	static
stm32f7xx_hal_msp.c:715:6:HAL_SD_MspInit	48	static
stm32f7xx_hal_msp.c:757:6:HAL_SD_MspDeInit	8	static
stm32f7xx_hal_msp.c:788:6:HAL_SPDIFRX_MspInit	32	static
stm32f7xx_hal_msp.c:817:6:HAL_SPDIFRX_MspDeInit	0	static
stm32f7xx_hal_msp.c:840:6:HAL_SPI_MspInit	40	static
stm32f7xx_hal_msp.c:878:6:HAL_SPI_MspDeInit	8	static
stm32f7xx_hal_msp.c:905:6:HAL_TIM_Base_MspInit	24	static
stm32f7xx_hal_msp.c:966:6:HAL_TIM_PWM_MspInit	8	static
stm32f7xx_hal_msp.c:983:6:HAL_TIM_MspPostInit	32	static
stm32f7xx_hal_msp.c:1089:6:HAL_TIM_Base_MspDeInit	0	static
stm32f7xx_hal_msp.c:1150:6:HAL_TIM_PWM_MspDeInit	0	static
stm32f7xx_hal_msp.c:1167:6:HAL_UART_MspInit	48	static
stm32f7xx_hal_msp.c:1227:6:HAL_UART_MspDeInit	8	static
stm32f7xx_hal_msp.c:1378:6:HAL_SDRAM_MspInit	48	static
stm32f7xx_hal_msp.c:1464:6:HAL_SDRAM_MspDeInit	8	static
stm32f7xx_hal_msp.c:1476:6:HAL_SAI_MspInit	40	static
stm32f7xx_hal_msp.c:1526:6:HAL_SAI_MspDeInit	8	static
