usbh_conf.c:90:6:HAL_HCD_MspInit	40	static
usbh_conf.c:123:6:HAL_HCD_MspDeInit	8	static
usbh_conf.c:154:6:HAL_HCD_SOF_Callback	0	static
usbh_conf.c:164:6:HAL_HCD_Connect_Callback	0	static
usbh_conf.c:174:6:HAL_HCD_Disconnect_Callback	0	static
usbh_conf.c:186:6:HAL_HCD_HC_NotifyURBChange_Callback	0	static
usbh_conf.c:198:6:HAL_HCD_PortEnabled_Callback	0	static
usbh_conf.c:208:6:HAL_HCD_PortDisabled_Callback	0	static
usbh_conf.c:222:20:USBH_LL_Init	8	static
usbh_conf.c:251:20:USBH_LL_DeInit	8	static
usbh_conf.c:283:20:USBH_LL_Start	8	static
usbh_conf.c:315:20:USBH_LL_Stop	8	static
usbh_conf.c:347:19:USBH_LL_GetSpeed	8	static
usbh_conf.c:377:20:USBH_LL_ResetPort	8	static
usbh_conf.c:409:10:USBH_LL_GetLastXferSize	0	static
usbh_conf.c:425:20:USBH_LL_OpenPipe	24	static
usbh_conf.c:460:20:USBH_LL_ClosePipe	8	static
usbh_conf.c:514:20:USBH_LL_SubmitURB	24	static
usbh_conf.c:559:22:USBH_LL_GetURBState	0	static
usbh_conf.c:573:20:USBH_LL_DriverVBUS	8	static
usbh_conf.c:594:20:USBH_LL_SetToggle	0	static
usbh_conf.c:617:9:USBH_LL_GetToggle	0	static
usbh_conf.c:639:6:USBH_Delay	0	static
