stm32f7xx_hal_spdifrx.c:1181:26:SPDIFRX_WaitOnFlagUntilTimeout.constprop	24	static
stm32f7xx_hal_spdifrx.c:303:13:HAL_SPDIFRX_MspInit	0	static
stm32f7xx_hal_spdifrx.c:198:19:HAL_SPDIFRX_Init	8	static
stm32f7xx_hal_spdifrx.c:318:13:HAL_SPDIFRX_MspDeInit	0	static
stm32f7xx_hal_spdifrx.c:268:19:HAL_SPDIFRX_DeInit	8	static
stm32f7xx_hal_spdifrx.c:335:19:HAL_SPDIFRX_SetDataFormat	8	static
stm32f7xx_hal_spdifrx.c:435:19:HAL_SPDIFRX_ReceiveDataFlow	24	static
stm32f7xx_hal_spdifrx.c:505:19:HAL_SPDIFRX_ReceiveControlFlow	24	static
stm32f7xx_hal_spdifrx.c:573:19:HAL_SPDIFRX_ReceiveDataFlow_IT	8	static
stm32f7xx_hal_spdifrx.c:642:19:HAL_SPDIFRX_ReceiveControlFlow_IT	8	static
stm32f7xx_hal_spdifrx.c:711:19:HAL_SPDIFRX_ReceiveDataFlow_DMA	8	static
stm32f7xx_hal_spdifrx.c:783:19:HAL_SPDIFRX_ReceiveControlFlow_DMA	8	static
stm32f7xx_hal_spdifrx.c:853:19:HAL_SPDIFRX_DMAStop	8	static
stm32f7xx_hal_spdifrx.c:928:13:HAL_SPDIFRX_RxHalfCpltCallback	0	static
stm32f7xx_hal_spdifrx.c:1065:13:SPDIFRX_DMARxHalfCplt	8	static
stm32f7xx_hal_spdifrx.c:943:13:HAL_SPDIFRX_RxCpltCallback	0	static
stm32f7xx_hal_spdifrx.c:1046:13:SPDIFRX_DMARxCplt	8	static
stm32f7xx_hal_spdifrx.c:958:13:HAL_SPDIFRX_CxHalfCpltCallback	0	static
stm32f7xx_hal_spdifrx.c:1095:13:SPDIFRX_DMACxHalfCplt	8	static
stm32f7xx_hal_spdifrx.c:973:13:HAL_SPDIFRX_CxCpltCallback	0	static
stm32f7xx_hal_spdifrx.c:1078:13:SPDIFRX_DMACxCplt	8	static
stm32f7xx_hal_spdifrx.c:988:13:HAL_SPDIFRX_ErrorCallback	0	static
stm32f7xx_hal_spdifrx.c:1107:13:SPDIFRX_DMAError	8	static
stm32f7xx_hal_spdifrx.c:882:6:HAL_SPDIFRX_IRQHandler	16	static
stm32f7xx_hal_spdifrx.c:1022:26:HAL_SPDIFRX_GetState	0	static
stm32f7xx_hal_spdifrx.c:1032:10:HAL_SPDIFRX_GetError	0	static
